main.c:100:5:main	8	static
main.c:190:6:SystemClock_Config	80	static
main.c:233:13:MX_ADC_Init	24	static
main.c:310:13:MX_SPI1_Init	8	static
main.c:348:13:MX_SPI2_Init	8	static
main.c:386:13:MX_TIM3_Init	32	static
main.c:434:13:MX_TIM6_Init	16	static
main.c:472:13:MX_USART1_UART_Init	8	static
main.c:505:13:MX_USART2_UART_Init	8	static
main.c:536:13:MX_DMA_Init	16	static
main.c:554:13:MX_GPIO_Init	40	static
main.c:612:6:StartDefaultTask	16	static
main.c:633:6:Error_Handler	4	static,ignoring_inline_asm
