Archive member included to satisfy reference by file (symbol)

c:/st/stm32cubeide_1.6.0/stm32cubeide/plugins/com.st.stm32cube.ide.mcu.externaltools.gnu-tools-for-stm32.9-2020-q2-update.win32_1.5.0.202011040924/tools/bin/../lib/gcc/arm-none-eabi/9.3.1/../../../../arm-none-eabi/lib/thumb/v7-m/nofp\libc_nano.a(lib_a-atoi.o)
                              Core/user_driver/shell/app_cli.o (atoi)
c:/st/stm32cubeide_1.6.0/stm32cubeide/plugins/com.st.stm32cube.ide.mcu.externaltools.gnu-tools-for-stm32.9-2020-q2-update.win32_1.5.0.202011040924/tools/bin/../lib/gcc/arm-none-eabi/9.3.1/../../../../arm-none-eabi/lib/thumb/v7-m/nofp\libc_nano.a(lib_a-exit.o)
                              c:/st/stm32cubeide_1.6.0/stm32cubeide/plugins/com.st.stm32cube.ide.mcu.externaltools.gnu-tools-for-stm32.9-2020-q2-update.win32_1.5.0.202011040924/tools/bin/../lib/gcc/arm-none-eabi/9.3.1/../../../../arm-none-eabi/lib/thumb/v7-m/nofp/crt0.o (exit)
c:/st/stm32cubeide_1.6.0/stm32cubeide/plugins/com.st.stm32cube.ide.mcu.externaltools.gnu-tools-for-stm32.9-2020-q2-update.win32_1.5.0.202011040924/tools/bin/../lib/gcc/arm-none-eabi/9.3.1/../../../../arm-none-eabi/lib/thumb/v7-m/nofp\libc_nano.a(lib_a-impure.o)
                              c:/st/stm32cubeide_1.6.0/stm32cubeide/plugins/com.st.stm32cube.ide.mcu.externaltools.gnu-tools-for-stm32.9-2020-q2-update.win32_1.5.0.202011040924/tools/bin/../lib/gcc/arm-none-eabi/9.3.1/../../../../arm-none-eabi/lib/thumb/v7-m/nofp\libc_nano.a(lib_a-exit.o) (_global_impure_ptr)
c:/st/stm32cubeide_1.6.0/stm32cubeide/plugins/com.st.stm32cube.ide.mcu.externaltools.gnu-tools-for-stm32.9-2020-q2-update.win32_1.5.0.202011040924/tools/bin/../lib/gcc/arm-none-eabi/9.3.1/../../../../arm-none-eabi/lib/thumb/v7-m/nofp\libc_nano.a(lib_a-init.o)
                              c:/st/stm32cubeide_1.6.0/stm32cubeide/plugins/com.st.stm32cube.ide.mcu.externaltools.gnu-tools-for-stm32.9-2020-q2-update.win32_1.5.0.202011040924/tools/bin/../lib/gcc/arm-none-eabi/9.3.1/../../../../arm-none-eabi/lib/thumb/v7-m/nofp/crt0.o (__libc_init_array)
c:/st/stm32cubeide_1.6.0/stm32cubeide/plugins/com.st.stm32cube.ide.mcu.externaltools.gnu-tools-for-stm32.9-2020-q2-update.win32_1.5.0.202011040924/tools/bin/../lib/gcc/arm-none-eabi/9.3.1/../../../../arm-none-eabi/lib/thumb/v7-m/nofp\libc_nano.a(lib_a-memcpy-stub.o)
                              Core/user_driver/shell/vsm_fifo.o (memcpy)
c:/st/stm32cubeide_1.6.0/stm32cubeide/plugins/com.st.stm32cube.ide.mcu.externaltools.gnu-tools-for-stm32.9-2020-q2-update.win32_1.5.0.202011040924/tools/bin/../lib/gcc/arm-none-eabi/9.3.1/../../../../arm-none-eabi/lib/thumb/v7-m/nofp\libc_nano.a(lib_a-memmove.o)
                              Core/user_driver/shell/vsm_shell.o (memmove)
c:/st/stm32cubeide_1.6.0/stm32cubeide/plugins/com.st.stm32cube.ide.mcu.externaltools.gnu-tools-for-stm32.9-2020-q2-update.win32_1.5.0.202011040924/tools/bin/../lib/gcc/arm-none-eabi/9.3.1/../../../../arm-none-eabi/lib/thumb/v7-m/nofp\libc_nano.a(lib_a-memset.o)
                              c:/st/stm32cubeide_1.6.0/stm32cubeide/plugins/com.st.stm32cube.ide.mcu.externaltools.gnu-tools-for-stm32.9-2020-q2-update.win32_1.5.0.202011040924/tools/bin/../lib/gcc/arm-none-eabi/9.3.1/../../../../arm-none-eabi/lib/thumb/v7-m/nofp/crt0.o (memset)
c:/st/stm32cubeide_1.6.0/stm32cubeide/plugins/com.st.stm32cube.ide.mcu.externaltools.gnu-tools-for-stm32.9-2020-q2-update.win32_1.5.0.202011040924/tools/bin/../lib/gcc/arm-none-eabi/9.3.1/../../../../arm-none-eabi/lib/thumb/v7-m/nofp\libc_nano.a(lib_a-nano-vfprintf_float.o)
                              (_printf_float)
c:/st/stm32cubeide_1.6.0/stm32cubeide/plugins/com.st.stm32cube.ide.mcu.externaltools.gnu-tools-for-stm32.9-2020-q2-update.win32_1.5.0.202011040924/tools/bin/../lib/gcc/arm-none-eabi/9.3.1/../../../../arm-none-eabi/lib/thumb/v7-m/nofp\libc_nano.a(lib_a-nano-vfprintf_i.o)
                              c:/st/stm32cubeide_1.6.0/stm32cubeide/plugins/com.st.stm32cube.ide.mcu.externaltools.gnu-tools-for-stm32.9-2020-q2-update.win32_1.5.0.202011040924/tools/bin/../lib/gcc/arm-none-eabi/9.3.1/../../../../arm-none-eabi/lib/thumb/v7-m/nofp\libc_nano.a(lib_a-nano-vfprintf_float.o) (_printf_common)
c:/st/stm32cubeide_1.6.0/stm32cubeide/plugins/com.st.stm32cube.ide.mcu.externaltools.gnu-tools-for-stm32.9-2020-q2-update.win32_1.5.0.202011040924/tools/bin/../lib/gcc/arm-none-eabi/9.3.1/../../../../arm-none-eabi/lib/thumb/v7-m/nofp\libc_nano.a(lib_a-nano-vfscanf_float.o)
                              (_scanf_float)
c:/st/stm32cubeide_1.6.0/stm32cubeide/plugins/com.st.stm32cube.ide.mcu.externaltools.gnu-tools-for-stm32.9-2020-q2-update.win32_1.5.0.202011040924/tools/bin/../lib/gcc/arm-none-eabi/9.3.1/../../../../arm-none-eabi/lib/thumb/v7-m/nofp\libc_nano.a(lib_a-sf_nan.o)
[...]
Memory Configuration

Name             Origin             Length             Attributes
RAM              0x0000000020000000 0x0000000000008000 xrw
FLASH            0x0000000008000000 0x0000000000020000 xr
*default*        0x0000000000000000 0xffffffffffffffff

Linker script and memory map

LOAD c:/st/stm32cubeide_1.6.0/stm32cubeide/plugins/com.st.stm32cube.ide.mcu.externaltools.gnu-tools-for-stm32.9-2020-q2-update.win32_1.5.0.202011040924/tools/bin/../lib/gcc/arm-none-eabi/9.3.1/thumb/v7-m/nofp/crti.o
LOAD c:/st/stm32cubeide_1.6.0/stm32cubeide/plugins/com.st.stm32cube.ide.mcu.externaltools.gnu-tools-for-stm32.9-2020-q2-update.win32_1.5.0.202011040924/tools/bin/../lib/gcc/arm-none-eabi/9.3.1/thumb/v7-m/nofp/crtbegin.o
LOAD c:/st/stm32cubeide_1.6.0/stm32cubeide/plugins/com.st.stm32cube.ide.mcu.externaltools.gnu-tools-for-stm32.9-2020-q2-update.win32_1.5.0.202011040924/tools/bin/../lib/gcc/arm-none-eabi/9.3.1/../../../../arm-none-eabi/lib/thumb/v7-m/nofp/crt0.o
LOAD Core/Src/freertos.o
LOAD Core/Src/main.o
LOAD Core/Src/stm32l1xx_hal_msp.o
LOAD Core/Src/stm32l1xx_it.o
LOAD Core/Src/system_stm32l1xx.o
LOAD Core/Startup/startup_stm32l151cbtxa.o
LOAD Core/user_driver/ble_com/ble_com.o
LOAD Core/user_driver/peripheral/adc_driver.o
LOAD Core/user_driver/peripheral/timer_driver.o
LOAD Core/user_driver/peripheral/uart_com.o
LOAD Core/user_driver/sensor/sensor_base_process.o
LOAD Core/user_driver/sensor/sensor_knock.o
LOAD Core/user_driver/sensor/sensor_rpm.o
LOAD Core/user_driver/shell/app_cli.o
LOAD Core/user_driver/shell/vsm_fifo.o
LOAD Core/user_driver/shell/vsm_retarget.o
LOAD Core/user_driver/shell/vsm_shell.o
LOAD Core/user_driver/vsm_service/vsm_rise_compute.o
LOAD Core/user_driver/vsm_service/vsm_saturation.o
LOAD Drivers/STM32L1xx_HAL_Driver/Src/stm32l1xx_hal.o
LOAD Drivers/STM32L1xx_HAL_Driver/Src/stm32l1xx_hal_adc.o
LOAD Drivers/STM32L1xx_HAL_Driver/Src/stm32l1xx_hal_adc_ex.o
LOAD Drivers/STM32L1xx_HAL_Driver/Src/stm32l1xx_hal_cortex.o
LOAD Drivers/STM32L1xx_HAL_Driver/Src/stm32l1xx_hal_dma.o
LOAD Drivers/STM32L1xx_HAL_Driver/Src/stm32l1xx_hal_exti.o
LOAD Drivers/STM32L1xx_HAL_Driver/Src/stm32l1xx_hal_flash.o
LOAD Drivers/STM32L1xx_HAL_Driver/Src/stm32l1xx_hal_flash_ex.o
LOAD Drivers/STM32L1xx_HAL_Driver/Src/stm32l1xx_hal_flash_ramfunc.o
LOAD Drivers/STM32L1xx_HAL_Driver/Src/stm32l1xx_hal_gpio.o
LOAD Drivers/STM32L1xx_HAL_Driver/Src/stm32l1xx_hal_pwr.o
LOAD Drivers/STM32L1xx_HAL_Driver/Src/stm32l1xx_hal_pwr_ex.o
LOAD Drivers/STM32L1xx_HAL_Driver/Src/stm32l1xx_hal_rcc.o
LOAD Drivers/STM32L1xx_HAL_Driver/Src/stm32l1xx_hal_rcc_ex.o
LOAD Drivers/STM32L1xx_HAL_Driver/Src/stm32l1xx_hal_spi.o
LOAD Drivers/STM32L1xx_HAL_Driver/Src/stm32l1xx_hal_tim.o
LOAD Drivers/STM32L1xx_HAL_Driver/Src/stm32l1xx_hal_tim_ex.o
LOAD Drivers/STM32L1xx_HAL_Driver/Src/stm32l1xx_hal_uart.o
LOAD Middlewares/Third_Party/FreeRTOS/Source/CMSIS_RTOS_V2/cmsis_os2.o
LOAD Middlewares/Third_Party/FreeRTOS/Source/croutine.o
LOAD Middlewares/Third_Party/FreeRTOS/Source/event_groups.o
LOAD Middlewares/Third_Party/FreeRTOS/Source/list.o
LOAD Middlewares/Third_Party/FreeRTOS/Source/queue.o
LOAD Middlewares/Third_Party/FreeRTOS/Source/stream_buffer.o
LOAD Middlewares/Third_Party/FreeRTOS/Source/tasks.o
LOAD Middlewares/Third_Party/FreeRTOS/Source/timers.o
LOAD Middlewares/Third_Party/FreeRTOS/Source/portable/GCC/ARM_CM3/port.o
LOAD Middlewares/Third_Party/FreeRTOS/Source/portable/MemMang/heap_4.o
START GROUP
LOAD c:/st/stm32cubeide_1.6.0/stm32cubeide/plugins/com.st.stm32cube.ide.mcu.externaltools.gnu-tools-for-stm32.9-2020-q2-update.win32_1.5.0.202011040924/tools/bin/../lib/gcc/arm-none-eabi/9.3.1/../../../../arm-none-eabi/lib/thumb/v7-m/nofp\libstdc++_nano.a
LOAD c:/st/stm32cubeide_1.6.0/stm32cubeide/plugins/com.st.stm32cube.ide.mcu.externaltools.gnu-tools-for-stm32.9-2020-q2-update.win32_1.5.0.202011040924/tools/bin/../lib/gcc/arm-none-eabi/9.3.1/../../../../arm-none-eabi/lib/thumb/v7-m/nofp\libsupc++_nano.a
END GROUP
LOAD c:/st/stm32cubeide_1.6.0/stm32cubeide/plugins/com.st.stm32cube.ide.mcu.externaltools.gnu-tools-for-stm32.9-2020-q2-update.win32_1.5.0.202011040924/tools/bin/../lib/gcc/arm-none-eabi/9.3.1/../../../../arm-none-eabi/lib/thumb/v7-m/nofp\libstdc++_nano.a
LOAD c:/st/stm32cubeide_1.6.0/stm32cubeide/plugins/com.st.stm32cube.ide.mcu.externaltools.gnu-tools-for-stm32.9-2020-q2-update.win32_1.5.0.202011040924/tools/bin/../lib/gcc/arm-none-eabi/9.3.1/../../../../arm-none-eabi/lib/thumb/v7-m/nofp\libm.a
LOAD c:/st/stm32cubeide_1.6.0/stm32cubeide/plugins/com.st.stm32cube.ide.mcu.externaltools.gnu-tools-for-stm32.9-2020-q2-update.win32_1.5.0.202011040924/tools/bin/../lib/gcc/arm-none-eabi/9.3.1/../../../../arm-none-eabi/lib/thumb/v7-m/nofp\libc_nano.a
START GROUP
LOAD c:/st/stm32cubeide_1.6.0/stm32cubeide/plugins/com.st.stm32cube.ide.mcu.externaltools.gnu-tools-for-stm32.9-2020-q2-update.win32_1.5.0.202011040924/tools/bin/../lib/gcc/arm-none-eabi/9.3.1/thumb/v7-m/nofp\libgcc.a
LOAD c:/st/stm32cubeide_1.6.0/stm32cubeide/plugins/com.st.stm32cube.ide.mcu.externaltools.gnu-tools-for-stm32.9-2020-q2-update.win32_1.5.0.202011040924/tools/bin/../lib/gcc/arm-none-eabi/9.3.1/../../../../arm-none-eabi/lib/thumb/v7-m/nofp\libc_nano.a
END GROUP
START GROUP
LOAD c:/st/stm32cubeide_1.6.0/stm32cubeide/plugins/com.st.stm32cube.ide.mcu.externaltools.gnu-tools-for-stm32.9-2020-q2-update.win32_1.5.0.202011040924/tools/bin/../lib/gcc/arm-none-eabi/9.3.1/thumb/v7-m/nofp\libgcc.a
LOAD c:/st/stm32cubeide_1.6.0/stm32cubeide/plugins/com.st.stm32cube.ide.mcu.externaltools.gnu-tools-for-stm32.9-2020-q2-update.win32_1.5.0.202011040924/tools/bin/../lib/gcc/arm-none-eabi/9.3.1/../../../../arm-none-eabi/lib/thumb/v7-m/nofp\libc_nano.a
LOAD c:/st/stm32cubeide_1.6.0/stm32cubeide/plugins/com.st.stm32cube.ide.mcu.externaltools.gnu-tools-for-stm32.9-2020-q2-update.win32_1.5.0.202011040924/tools/bin/../lib/gcc/arm-none-eabi/9.3.1/../../../../arm-none-eabi/lib/thumb/v7-m/nofp\libnosys.a
END GROUP
START GROUP
LOAD c:/st/stm32cubeide_1.6.0/stm32cubeide/plugins/com.st.stm32cube.ide.mcu.externaltools.gnu-tools-for-stm32.9-2020-q2-update.win32_1.5.0.202011040924/tools/bin/../lib/gcc/arm-none-eabi/9.3.1/thumb/v7-m/nofp\libgcc.a
LOAD c:/st/stm32cubeide_1.6.0/stm32cubeide/plugins/com.st.stm32cube.ide.mcu.externaltools.gnu-tools-for-stm32.9-2020-q2-update.win32_1.5.0.202011040924/tools/bin/../lib/gcc/arm-none-eabi/9.3.1/../../../../arm-none-eabi/lib/thumb/v7-m/nofp\libc_nano.a
LOAD c:/st/stm32cubeide_1.6.0/stm32cubeide/plugins/com.st.stm32cube.ide.mcu.externaltools.gnu-tools-for-stm32.9-2020-q2-update.win32_1.5.0.202011040924/tools/bin/../lib/gcc/arm-none-eabi/9.3.1/../../../../arm-none-eabi/lib/thumb/v7-m/nofp\libnosys.a
END GROUP
LOAD c:/st/stm32cubeide_1.6.0/stm32cubeide/plugins/com.st.stm32cube.ide.mcu.externaltools.gnu-tools-for-stm32.9-2020-q2-update.win32_1.5.0.202011040924/tools/bin/../lib/gcc/arm-none-eabi/9.3.1/thumb/v7-m/nofp/crtend.o
LOAD c:/st/stm32cubeide_1.6.0/stm32cubeide/plugins/com.st.stm32cube.ide.mcu.externaltools.gnu-tools-for-stm32.9-2020-q2-update.win32_1.5.0.202011040924/tools/bin/../lib/gcc/arm-none-eabi/9.3.1/thumb/v7-m/nofp/crtn.o
                0x0000000020008000                _estack = (ORIGIN (RAM) + LENGTH (RAM))
                0x0000000000000200                _Min_Heap_Size = 0x200
                0x0000000000000400                _Min_Stack_Size = 0x400

.isr_vector     0x0000000008000000      0x13c
                0x0000000008000000                . = ALIGN (0x4)
 *(.isr_vector)
 .isr_vector    0x0000000008000000      0x13c Core/Startup/startup_stm32l151cbtxa.o
                0x0000000008000000                g_pfnVectors
                0x000000000800013c                . = ALIGN (0x4)

.text           0x0000000008000140     0xe688
                0x0000000008000140                . = ALIGN (0x4)
 *(.text)
 .text          0x0000000008000140       0x40 c:/st/stm32cubeide_1.6.0/stm32cubeide/plugins/com.st.stm32cube.ide.mcu.externaltools.gnu-tools-for-stm32.9-2020-q2-update.win32_1.5.0.202011040924/tools/bin/../lib/gcc/arm-none-eabi/9.3.1/thumb/v7-m/nofp/crtbegin.o
 .text          0x0000000008000180       0x10 c:/st/stm32cubeide_1.6.0/stm32cubeide/plugins/com.st.stm32cube.ide.mcu.externaltools.gnu-tools-for-stm32.9-2020-q2-update.win32_1.5.0.202011040924/tools/bin/../lib/gcc/arm-none-eabi/9.3.1/../../../../arm-none-eabi/lib/thumb/v7-m/nofp\libc_nano.a(lib_a-strlen.o)
                0x0000000008000180                strlen
 .text          0x0000000008000190      0x378 c:/st/stm32cubeide_1.6.0/stm32cubeide/plugins/com.st.stm32cube.ide.mcu.externaltools.gnu-tools-for-stm32.9-2020-q2-update.win32_1.5.0.202011040924/tools/bin/../lib/gcc/arm-none-eabi/9.3.1/thumb/v7-m/nofp\libgcc.a(_arm_addsubdf3.o)
                0x0000000008000190                __aeabi_drsub
                0x0000000008000198                __aeabi_dsub
                0x0000000008000198                __subdf3
                0x000000000800019c                __aeabi_dadd
                0x000000000800019c                __adddf3
                0x0000000008000414                __floatunsidf
                0x0000000008000414                __aeabi_ui2d
                0x0000000008000434                __floatsidf
                0x0000000008000434                __aeabi_i2d
                0x0000000008000458                __aeabi_f2d
                0x0000000008000458                __extendsfdf2
                0x000000000800049c                __floatundidf
                0x000000000800049c                __aeabi_ul2d
                0x00000000080004ac                __floatdidf
                0x00000000080004ac                __aeabi_l2d
 .text          0x0000000008000508      0x424 c:/st/stm32cubeide_1.6.0/stm32cubeide/plugins/com.st.stm32cube.ide.mcu.externaltools.gnu-tools-for-stm32.9-2020-q2-update.win32_1.5.0.202011040924/tools/bin/../lib/gcc/arm-none-eabi/9.3.1/thumb/v7-m/nofp\libgcc.a(_arm_muldivdf3.o)
                0x0000000008000508                __aeabi_dmul
                0x0000000008000508                __muldf3
                0x000000000800075c                __divdf3
                0x000000000800075c                __aeabi_ddiv
 .text          0x000000000800092c      0x110 c:/st/stm32cubeide_1.6.0/stm32cubeide/plugins/com.st.stm32cube.ide.mcu.externaltools.gnu-tools-for-stm32.9-2020-q2-update.win32_1.5.0.202011040924/tools/bin/../lib/gcc/arm-none-eabi/9.3.1/thumb/v7-m/nofp\libgcc.a(_arm_cmpdf2.o)
                0x000000000800092c                __gtdf2
                0x000000000800092c                __gedf2
                0x0000000008000934                __ltdf2
                0x0000000008000934                __ledf2
                0x000000000800093c                __nedf2
                0x000000000800093c                __eqdf2
                0x000000000800093c                __cmpdf2
                0x00000000080009b8                __aeabi_cdrcmple
                0x00000000080009c8                __aeabi_cdcmpeq
                0x00000000080009c8                __aeabi_cdcmple
                0x00000000080009d8                __aeabi_dcmpeq
                0x00000000080009ec                __aeabi_dcmplt
                0x0000000008000a00                __aeabi_dcmple
                0x0000000008000a14                __aeabi_dcmpge
                0x0000000008000a28                __aeabi_dcmpgt
 .text          0x0000000008000a3c       0x2c c:/st/stm32cubeide_1.6.0/stm32cubeide/plugins/com.st.stm32cube.ide.mcu.externaltools.gnu-tools-for-stm32.9-2020-q2-update.win32_1.5.0.202011040924/tools/bin/../lib/gcc/arm-none-eabi/9.3.1/thumb/v7-m/nofp\libgcc.a(_arm_unorddf2.o)
                0x0000000008000a3c                __unorddf2
                0x0000000008000a3c                __aeabi_dcmpun
 .text          0x0000000008000a68       0x50 c:/st/stm32cubeide_1.6.0/stm32cubeide/plugins/com.st.stm32cube.ide.mcu.externaltools.gnu-tools-for-stm32.9-2020-q2-update.win32_1.5.0.202011040924/tools/bin/../lib/gcc/arm-none-eabi/9.3.1/thumb/v7-m/nofp\libgcc.a(_arm_fixdfsi.o)
                0x0000000008000a68                __aeabi_d2iz
                0x0000000008000a68                __fixdfsi
 .text          0x0000000008000ab8       0x40 c:/st/stm32cubeide_1.6.0/stm32cubeide/plugins/com.st.stm32cube.ide.mcu.externaltools.gnu-tools-for-stm32.9-2020-q2-update.win32_1.5.0.202011040924/tools/bin/../lib/gcc/arm-none-eabi/9.3.1/thumb/v7-m/nofp\libgcc.a(_arm_fixunsdfsi.o)
                0x0000000008000ab8                __aeabi_d2uiz
                0x0000000008000ab8                __fixunsdfsi
 .text          0x0000000008000af8       0xa0 c:/st/stm32cubeide_1.6.0/stm32cubeide/plugins/com.st.stm32cube.ide.mcu.externaltools.gnu-tools-for-stm32.9-2020-q2-update.win32_1.5.0.202011040924/tools/bin/../lib/gcc/arm-none-eabi/9.3.1/thumb/v7-m/nofp\libgcc.a(_arm_truncdfsf2.o)
                0x0000000008000af8                __truncdfsf2
                0x0000000008000af8                __aeabi_d2f
 .text          0x0000000008000b98      0x21c c:/st/stm32cubeide_1.6.0/stm32cubeide/plugins/com.st.stm32cube.ide.mcu.externaltools.gnu-tools-for-stm32.9-2020-q2-update.win32_1.5.0.202011040924/tools/bin/../lib/gcc/arm-none-eabi/9.3.1/thumb/v7-m/nofp\libgcc.a(_arm_addsubsf3.o)
                0x0000000008000b98                __aeabi_frsub
                0x0000000008000ba0                __subsf3
                0x0000000008000ba0                __aeabi_fsub
                0x0000000008000ba4                __aeabi_fadd
                0x0000000008000ba4                __addsf3
                0x0000000008000d04                __aeabi_ui2f
                0x0000000008000d04                __floatunsisf
                0x0000000008000d0c                __aeabi_i2f
                0x0000000008000d0c                __floatsisf
                0x0000000008000d28                __aeabi_ul2f
                0x0000000008000d28                __floatundisf
                0x0000000008000d38                __aeabi_l2f
                0x0000000008000d38                __floatdisf
 .text          0x0000000008000db4      0x2a0 c:/st/stm32cubeide_1.6.0/stm32cubeide/plugins/com.st.stm32cube.ide.mcu.externaltools.gnu-tools-for-stm32.9-2020-q2-update.win32_1.5.0.202011040924/tools/bin/../lib/gcc/arm-none-eabi/9.3.1/thumb/v7-m/nofp\libgcc.a(_arm_muldivsf3.o)
                0x0000000008000db4                __mulsf3
                0x0000000008000db4                __aeabi_fmul
                0x0000000008000f1c                __aeabi_fdiv
                0x0000000008000f1c                __divsf3
 .text          0x0000000008001054       0xec c:/st/stm32cubeide_1.6.0/stm32cubeide/plugins/com.st.stm32cube.ide.mcu.externaltools.gnu-tools-for-stm32.9-2020-q2-update.win32_1.5.0.202011040924/tools/bin/../lib/gcc/arm-none-eabi/9.3.1/thumb/v7-m/nofp\libgcc.a(_arm_cmpsf2.o)
                0x0000000008001054                __gesf2
                0x0000000008001054                __gtsf2
                0x000000000800105c                __lesf2
                0x000000000800105c                __ltsf2
                0x0000000008001064                __nesf2
                0x0000000008001064                __eqsf2
                0x0000000008001064                __cmpsf2
                0x00000000080010c4                __aeabi_cfrcmple
                0x00000000080010cc                __aeabi_cfcmpeq
                0x00000000080010cc                __aeabi_cfcmple
                0x00000000080010dc                __aeabi_fcmpeq
                0x00000000080010f0                __aeabi_fcmplt
                0x0000000008001104                __aeabi_fcmple
                0x0000000008001118                __aeabi_fcmpge
                0x000000000800112c                __aeabi_fcmpgt
 .text          0x0000000008001140       0x4c c:/st/stm32cubeide_1.6.0/stm32cubeide/plugins/com.st.stm32cube.ide.mcu.externaltools.gnu-tools-for-stm32.9-2020-q2-update.win32_1.5.0.202011040924/tools/bin/../lib/gcc/arm-none-eabi/9.3.1/thumb/v7-m/nofp\libgcc.a(_arm_fixsfsi.o)
                0x0000000008001140                __aeabi_f2iz
                0x0000000008001140                __fixsfsi
 .text          0x000000000800118c       0x40 c:/st/stm32cubeide_1.6.0/stm32cubeide/plugins/com.st.stm32cube.ide.mcu.externaltools.gnu-tools-for-stm32.9-2020-q2-update.win32_1.5.0.202011040924/tools/bin/../lib/gcc/arm-none-eabi/9.3.1/thumb/v7-m/nofp\libgcc.a(_arm_fixunssfsi.o)
                0x000000000800118c                __fixunssfsi
                0x000000000800118c                __aeabi_f2uiz
 .text          0x00000000080011cc       0x30 c:/st/stm32cubeide_1.6.0/stm32cubeide/plugins/com.st.stm32cube.ide.mcu.externaltools.gnu-tools-for-stm32.9-2020-q2-update.win32_1.5.0.202011040924/tools/bin/../lib/gcc/arm-none-eabi/9.3.1/thumb/v7-m/nofp\libgcc.a(_aeabi_uldivmod.o)
                0x00000000080011cc                __aeabi_uldivmod
 .text          0x00000000080011fc       0x34 c:/st/stm32cubeide_1.6.0/stm32cubeide/plugins/com.st.stm32cube.ide.mcu.externaltools.gnu-tools-for-stm32.9-2020-q2-update.win32_1.5.0.202011040924/tools/bin/../lib/gcc/arm-none-eabi/9.3.1/thumb/v7-m/nofp\libgcc.a(_fixdfdi.o)
                0x00000000080011fc                __fixdfdi
                0x00000000080011fc                __aeabi_d2lz
 .text          0x0000000008001230       0x3c c:/st/stm32cubeide_1.6.0/stm32cubeide/plugins/com.st.stm32cube.ide.mcu.externaltools.gnu-tools-for-stm32.9-2020-q2-update.win32_1.5.0.202011040924/tools/bin/../lib/gcc/arm-none-eabi/9.3.1/thumb/v7-m/nofp\libgcc.a(_fixunsdfdi.o)
                0x0000000008001230                __fixunsdfdi
                0x0000000008001230                __aeabi_d2ulz
 .text          0x000000000800126c      0x2c4 c:/st/stm32cubeide_1.6.0/stm32cubeide/plugins/com.st.stm32cube.ide.mcu.externaltools.gnu-tools-for-stm32.9-2020-q2-update.win32_1.5.0.202011040924/tools/bin/../lib/gcc/arm-none-eabi/9.3.1/thumb/v7-m/nofp\libgcc.a(_udivmoddi4.o)
                0x000000000800126c                __udivmoddi4
 .text          0x0000000008001530        0x4 c:/st/stm32cubeide_1.6.0/stm32cubeide/plugins/com.st.stm32cube.ide.mcu.externaltools.gnu-tools-for-stm32.9-2020-q2-update.win32_1.5.0.202011040924/tools/bin/../lib/gcc/arm-none-eabi/9.3.1/thumb/v7-m/nofp\libgcc.a(_dvmd_tls.o)
                0x0000000008001530                __aeabi_idiv0
                0x0000000008001530                __aeabi_ldiv0
 *(.text*)
 .text.main     0x0000000008001534       0x70 Core/Src/main.o
                0x0000000008001534                main
 .text.SystemClock_Config
                0x00000000080015a4       0xa0 Core/Src/main.o
                0x00000000080015a4                SystemClock_Config
 .text.MX_ADC_Init
                0x0000000008001644      0x10c Core/Src/main.o
 .text.MX_SPI1_Init
                0x0000000008001750       0x6c Core/Src/main.o
 .text.MX_SPI2_Init
                0x00000000080017bc       0x6c Core/Src/main.o
 .text.MX_TIM3_Init
                0x0000000008001828       0xa8 Core/Src/main.o
 .text.MX_TIM6_Init
                0x00000000080018d0       0x6c Core/Src/main.o
 .text.MX_USART1_UART_Init
                0x000000000800193c       0x54 Core/Src/main.o
 .text.MX_USART2_UART_Init
                0x0000000008001990       0x54 Core/Src/main.o
 .text.MX_DMA_Init
                0x00000000080019e4       0x3c Core/Src/main.o
 .text.MX_GPIO_Init
                0x0000000008001a20      0x108 Core/Src/main.o
 .text.StartDefaultTask
                0x0000000008001b28       0x26 Core/Src/main.o
                0x0000000008001b28                StartDefaultTask
 .text.Error_Handler
                0x0000000008001b4e        0xa Core/Src/main.o
                0x0000000008001b4e                Error_Handler
 .text.HAL_MspInit
                0x0000000008001b58       0x68 Core/Src/stm32l1xx_hal_msp.o
                0x0000000008001b58                HAL_MspInit
 .text.HAL_ADC_MspInit
                0x0000000008001bc0      0x10c Core/Src/stm32l1xx_hal_msp.o
                0x0000000008001bc0                HAL_ADC_MspInit
 .text.HAL_SPI_MspInit
                0x0000000008001ccc       0xec Core/Src/stm32l1xx_hal_msp.o
                0x0000000008001ccc                HAL_SPI_MspInit
 .text.HAL_TIM_OC_MspInit
                0x0000000008001db8       0x3c Core/Src/stm32l1xx_hal_msp.o
                0x0000000008001db8                HAL_TIM_OC_MspInit
 .text.HAL_TIM_Base_MspInit
                0x0000000008001df4       0x4c Core/Src/stm32l1xx_hal_msp.o
                0x0000000008001df4                HAL_TIM_Base_MspInit
 .text.HAL_UART_MspInit
                0x0000000008001e40      0x108 Core/Src/stm32l1xx_hal_msp.o
                0x0000000008001e40                HAL_UART_MspInit
 .text.NMI_Handler
                0x0000000008001f48        0x6 Core/Src/stm32l1xx_it.o
                0x0000000008001f48                NMI_Handler
 .text.HardFault_Handler
                0x0000000008001f4e        0x6 Core/Src/stm32l1xx_it.o
                0x0000000008001f4e                HardFault_Handler
 .text.MemManage_Handler
                0x0000000008001f54        0x6 Core/Src/stm32l1xx_it.o
                0x0000000008001f54                MemManage_Handler
 .text.BusFault_Handler
                0x0000000008001f5a        0x6 Core/Src/stm32l1xx_it.o
                0x0000000008001f5a                BusFault_Handler
 .text.UsageFault_Handler
                0x0000000008001f60        0x6 Core/Src/stm32l1xx_it.o
                0x0000000008001f60                UsageFault_Handler
 .text.DebugMon_Handler
                0x0000000008001f66        0xc Core/Src/stm32l1xx_it.o
                0x0000000008001f66                DebugMon_Handler
 .text.SysTick_Handler
                0x0000000008001f72       0x1a Core/Src/stm32l1xx_it.o
                0x0000000008001f72                SysTick_Handler
 .text.DMA1_Channel1_IRQHandler
                0x0000000008001f8c       0x14 Core/Src/stm32l1xx_it.o
                0x0000000008001f8c                DMA1_Channel1_IRQHandler
 .text.EXTI9_5_IRQHandler
                0x0000000008001fa0        0xe Core/Src/stm32l1xx_it.o
                0x0000000008001fa0                EXTI9_5_IRQHandler
 *fill*         0x0000000008001fae        0x2 
 .text.USART1_IRQHandler
                0x0000000008001fb0       0x14 Core/Src/stm32l1xx_it.o
                0x0000000008001fb0                USART1_IRQHandler
 .text.USART2_IRQHandler
                0x0000000008001fc4       0x14 Core/Src/stm32l1xx_it.o
                0x0000000008001fc4                USART2_IRQHandler
 .text.TIM6_IRQHandler
                0x0000000008001fd8       0x20 Core/Src/stm32l1xx_it.o
                0x0000000008001fd8                TIM6_IRQHandler
 .text.timer_get_tick
                0x0000000008001ff8       0x14 Core/Src/stm32l1xx_it.o
                0x0000000008001ff8                timer_get_tick
 .text.SystemInit
                0x000000000800200c       0x18 Core/Src/system_stm32l1xx.o
                0x000000000800200c                SystemInit
 .text.Reset_Handler
                0x0000000008002024       0x48 Core/Startup/startup_stm32l151cbtxa.o
                0x0000000008002024                Reset_Handler
 .text.Default_Handler
                0x000000000800206c        0x2 Core/Startup/startup_stm32l151cbtxa.o
                0x000000000800206c                RTC_Alarm_IRQHandler
                0x000000000800206c                EXTI2_IRQHandler
                0x000000000800206c                TIM10_IRQHandler
                0x000000000800206c                USB_HP_IRQHandler
                0x000000000800206c                PVD_IRQHandler
                0x000000000800206c                EXTI3_IRQHandler
                0x000000000800206c                EXTI0_IRQHandler
                0x000000000800206c                I2C2_EV_IRQHandler
                0x000000000800206c                SPI1_IRQHandler
                0x000000000800206c                USB_FS_WKUP_IRQHandler
                0x000000000800206c                DMA1_Channel4_IRQHandler
                0x000000000800206c                ADC1_IRQHandler
                0x000000000800206c                USART3_IRQHandler
                0x000000000800206c                DMA1_Channel7_IRQHandler
                0x000000000800206c                TIM4_IRQHandler
                0x000000000800206c                I2C1_EV_IRQHandler
                0x000000000800206c                DMA1_Channel6_IRQHandler
                0x000000000800206c                TIM3_IRQHandler
                0x000000000800206c                RCC_IRQHandler
                0x000000000800206c                Default_Handler
                0x000000000800206c                EXTI15_10_IRQHandler
                0x000000000800206c                TIM7_IRQHandler
                0x000000000800206c                TIM9_IRQHandler
                0x000000000800206c                TAMPER_STAMP_IRQHandler
                0x000000000800206c                RTC_WKUP_IRQHandler
                0x000000000800206c                SPI2_IRQHandler
                0x000000000800206c                DMA1_Channel5_IRQHandler
                0x000000000800206c                USB_LP_IRQHandler
                0x000000000800206c                EXTI4_IRQHandler
                0x000000000800206c                DMA1_Channel3_IRQHandler
                0x000000000800206c                COMP_IRQHandler
                0x000000000800206c                WWDG_IRQHandler
                0x000000000800206c                TIM2_IRQHandler
                0x000000000800206c                DAC_IRQHandler
                0x000000000800206c                EXTI1_IRQHandler
                0x000000000800206c                TIM11_IRQHandler
                0x000000000800206c                I2C2_ER_IRQHandler
                0x000000000800206c                DMA1_Channel2_IRQHandler
                0x000000000800206c                FLASH_IRQHandler
                0x000000000800206c                I2C1_ER_IRQHandler
 .text.ble_com_init
                0x000000000800206e        0xc Core/user_driver/ble_com/ble_com.o
                0x000000000800206e                ble_com_init
 *fill*         0x000000000800207a        0x2 
 .text.ble_com_send_interval
                0x000000000800207c       0x74 Core/user_driver/ble_com/ble_com.o
                0x000000000800207c                ble_com_send_interval
 .text.ble_hanlder_loop
                0x00000000080020f0      0x14c Core/user_driver/ble_com/ble_com.o
                0x00000000080020f0                ble_hanlder_loop
 .text.device_send_report
                0x000000000800223c       0x78 Core/user_driver/ble_com/ble_com.o
 .text.ble_packet_message
                0x00000000080022b4       0xb6 Core/user_driver/ble_com/ble_com.o
 *fill*         0x000000000800236a        0x2 
 .text.HAL_ADC_ConvCpltCallback
                0x000000000800236c       0x8c Core/user_driver/peripheral/adc_driver.o
                0x000000000800236c                HAL_ADC_ConvCpltCallback
 .text.adc_start_process
                0x00000000080023f8       0x24 Core/user_driver/peripheral/adc_driver.o
                0x00000000080023f8                adc_start_process
 .text.adc_get_sample
                0x000000000800241c       0x14 Core/user_driver/peripheral/adc_driver.o
                0x000000000800241c                adc_get_sample
 .text.user_timer_start
                0x0000000008002430       0x14 Core/user_driver/peripheral/timer_driver.o
                0x0000000008002430                user_timer_start
 .text.user_uart_init
                0x0000000008002444        0xc Core/user_driver/peripheral/uart_com.o
                0x0000000008002444                user_uart_init
 .text.user_com_init
                0x0000000008002450       0x30 Core/user_driver/peripheral/uart_com.o
 .text.uart_trasmit
                0x0000000008002480       0x2c Core/user_driver/peripheral/uart_com.o
                0x0000000008002480                uart_trasmit
 .text.uart_ble_printf
                0x00000000080024ac       0x60 Core/user_driver/peripheral/uart_com.o
                0x00000000080024ac                uart_ble_printf
 .text.sensor_measure_process
                0x000000000800250c       0x1c Core/user_driver/sensor/sensor_base_process.o
                0x000000000800250c                sensor_measure_process
 .text.batterry_lipo_measure
                0x0000000008002528       0x64 Core/user_driver/sensor/sensor_base_process.o
 .text.batterry_charging_measure
                0x000000000800258c       0x64 Core/user_driver/sensor/sensor_base_process.o
 .text.pressure_sender_measure
                0x00000000080025f0       0xd4 Core/user_driver/sensor/sensor_base_process.o
 .text.oild_pressuare_table
                0x00000000080026c4      0x25c Core/user_driver/sensor/sensor_base_process.o
                0x00000000080026c4                oild_pressuare_table
 .text.knock_sensor_init
                0x0000000008002920       0xe0 Core/user_driver/sensor/sensor_knock.o
                0x0000000008002920                knock_sensor_init
 .text.knock_sensor_process
                0x0000000008002a00       0x94 Core/user_driver/sensor/sensor_knock.o
                0x0000000008002a00                knock_sensor_process
 .text.sensor_knock_set_channel_1
                0x0000000008002a94       0x14 Core/user_driver/sensor/sensor_knock.o
 .text.sensor_knock_read_channel_1
                0x0000000008002aa8       0x70 Core/user_driver/sensor/sensor_knock.o
 .text.sensor_knock_read_channel_2
                0x0000000008002b18       0x58 Core/user_driver/sensor/sensor_knock.o
 .text.COM_SPI  0x0000000008002b70       0x74 Core/user_driver/sensor/sensor_knock.o
 .text.user_spi_init
                0x0000000008002be4        0xe Core/user_driver/sensor/sensor_knock.o
 *fill*         0x0000000008002bf2        0x2 
 .text.knock_sensor_hold_pin
                0x0000000008002bf4       0x38 Core/user_driver/sensor/sensor_knock.o
 .text.user_spi_cs_set
                0x0000000008002c2c       0x18 Core/user_driver/sensor/sensor_knock.o
 .text.user_spi_cs_clear
                0x0000000008002c44       0x18 Core/user_driver/sensor/sensor_knock.o
 .text.rpm_sensor_process
                0x0000000008002c5c       0x6c Core/user_driver/sensor/sensor_rpm.o
                0x0000000008002c5c                rpm_sensor_process
 .text.HAL_GPIO_EXTI_Callback
                0x0000000008002cc8       0x28 Core/user_driver/sensor/sensor_rpm.o
                0x0000000008002cc8                HAL_GPIO_EXTI_Callback
 .text.user_put_char
                0x0000000008002cf0       0x1e Core/user_driver/shell/app_cli.o
                0x0000000008002cf0                user_put_char
 .text.user_get_char
                0x0000000008002d0e       0x22 Core/user_driver/shell/app_cli.o
                0x0000000008002d0e                user_get_char
 .text.vsm_cli_start
                0x0000000008002d30       0x58 Core/user_driver/shell/app_cli.o
                0x0000000008002d30                vsm_cli_start
 .text.vsm_cli_main_loop
                0x0000000008002d88       0x1c Core/user_driver/shell/app_cli.o
                0x0000000008002d88                vsm_cli_main_loop
 .text.cli_reset_system
                0x0000000008002da4       0x18 Core/user_driver/shell/app_cli.o
 .text.test_ble
                0x0000000008002dbc       0x28 Core/user_driver/shell/app_cli.o
 .text.sensor_list
                0x0000000008002de4      0x12c Core/user_driver/shell/app_cli.o
 .text.rise_compute
                0x0000000008002f10       0x6c Core/user_driver/shell/app_cli.o
 .text.fifo_create
                0x0000000008002f7c       0x5c Core/user_driver/shell/vsm_fifo.o
                0x0000000008002f7c                fifo_create
 .text.fifo_add
                0x0000000008002fd8       0x40 Core/user_driver/shell/vsm_fifo.o
                0x0000000008002fd8                fifo_add
 .text.fifo_get
                0x0000000008003018       0x40 Core/user_driver/shell/vsm_fifo.o
                0x0000000008003018                fifo_get
 .text.fifo_is_full
                0x0000000008003058       0x24 Core/user_driver/shell/vsm_fifo.o
                0x0000000008003058                fifo_is_full
 .text.fifo_is_empty
                0x000000000800307c       0x20 Core/user_driver/shell/vsm_fifo.o
                0x000000000800307c                fifo_is_empty
 .text.fifo_copy_from
                0x000000000800309c       0x4e Core/user_driver/shell/vsm_fifo.o
 .text.fifo_copy_to
                0x00000000080030ea       0x4e Core/user_driver/shell/vsm_fifo.o
 .text.retarget_shell
                0x0000000008003138       0x20 Core/user_driver/shell/vsm_retarget.o
                0x0000000008003138                retarget_shell
 .text.retarget_init_fifo
                0x0000000008003158       0x34 Core/user_driver/shell/vsm_retarget.o
 .text.serial_get_char
                0x000000000800318c       0x48 Core/user_driver/shell/vsm_retarget.o
                0x000000000800318c                serial_get_char
 .text.uart_debug_printf
                0x00000000080031d4       0x64 Core/user_driver/shell/vsm_retarget.o
                0x00000000080031d4                uart_debug_printf
 .text.user_putchar
                0x0000000008003238       0x24 Core/user_driver/shell/vsm_retarget.o
                0x0000000008003238                user_putchar
 .text.user_getchar
                0x000000000800325c       0x26 Core/user_driver/shell/vsm_retarget.o
                0x000000000800325c                user_getchar
 *fill*         0x0000000008003282        0x2 
 .text.HAL_UART_RxCpltCallback
                0x0000000008003284       0x68 Core/user_driver/shell/vsm_retarget.o
                0x0000000008003284                HAL_UART_RxCpltCallback
 .text.SHELL_Init
                0x00000000080032ec       0x44 Core/user_driver/shell/vsm_shell.o
                0x00000000080032ec                SHELL_Init
 .text.SHELL_Process
                0x0000000008003330      0x48c Core/user_driver/shell/vsm_shell.o
                0x0000000008003330                SHELL_Process
 .text.HelpCommand
                0x00000000080037bc       0x48 Core/user_driver/shell/vsm_shell.o
 .text.ProcessCommand
                0x0000000008003804      0x27c Core/user_driver/shell/vsm_shell.o
 .text.GetHistoryCommand
                0x0000000008003a80       0xc4 Core/user_driver/shell/vsm_shell.o
 .text.AutoComplete
                0x0000000008003b44      0x114 Core/user_driver/shell/vsm_shell.o
 .text.StrCopy  0x0000000008003c58       0x44 Core/user_driver/shell/vsm_shell.o
 .text.StrLen   0x0000000008003c9c       0x2e Core/user_driver/shell/vsm_shell.o
 .text.StrCompare
                0x0000000008003cca       0x4a Core/user_driver/shell/vsm_shell.o
 .text.ParseLine
                0x0000000008003d14       0xfc Core/user_driver/shell/vsm_shell.o
 .text.SHELL_RegisterCommand
                0x0000000008003e10       0x48 Core/user_driver/shell/vsm_shell.o
                0x0000000008003e10                SHELL_RegisterCommand
 .text.GetChar  0x0000000008003e58       0x20 Core/user_driver/shell/vsm_shell.o
 .text.vsm_rise_compute
                0x0000000008003e78       0x66 Core/user_driver/vsm_service/vsm_rise_compute.o
                0x0000000008003e78                vsm_rise_compute
 .text.saturation
                0x0000000008003ede       0x3c Core/user_driver/vsm_service/vsm_saturation.o
                0x0000000008003ede                saturation
 .text.HAL_Init
                0x0000000008003f1a       0x30 Drivers/STM32L1xx_HAL_Driver/Src/stm32l1xx_hal.o
                0x0000000008003f1a                HAL_Init
 *fill*         0x0000000008003f4a        0x2 
 .text.HAL_InitTick
                0x0000000008003f4c       0x74 Drivers/STM32L1xx_HAL_Driver/Src/stm32l1xx_hal.o
                0x0000000008003f4c                HAL_InitTick
 .text.HAL_IncTick
                0x0000000008003fc0       0x24 Drivers/STM32L1xx_HAL_Driver/Src/stm32l1xx_hal.o
                0x0000000008003fc0                HAL_IncTick
 .text.HAL_GetTick
                0x0000000008003fe4       0x14 Drivers/STM32L1xx_HAL_Driver/Src/stm32l1xx_hal.o
                0x0000000008003fe4                HAL_GetTick
 .text.HAL_ADC_Init
                0x0000000008003ff8      0x28c Drivers/STM32L1xx_HAL_Driver/Src/stm32l1xx_hal_adc.o
                0x0000000008003ff8                HAL_ADC_Init
 .text.HAL_ADC_Start_DMA
                0x0000000008004284      0x11c Drivers/STM32L1xx_HAL_Driver/Src/stm32l1xx_hal_adc.o
                0x0000000008004284                HAL_ADC_Start_DMA
 .text.HAL_ADC_ConvHalfCpltCallback
                0x00000000080043a0       0x12 Drivers/STM32L1xx_HAL_Driver/Src/stm32l1xx_hal_adc.o
                0x00000000080043a0                HAL_ADC_ConvHalfCpltCallback
 .text.HAL_ADC_ErrorCallback
                0x00000000080043b2       0x12 Drivers/STM32L1xx_HAL_Driver/Src/stm32l1xx_hal_adc.o
                0x00000000080043b2                HAL_ADC_ErrorCallback
 .text.HAL_ADC_ConfigChannel
                0x00000000080043c4      0x2a0 Drivers/STM32L1xx_HAL_Driver/Src/stm32l1xx_hal_adc.o
                0x00000000080043c4                HAL_ADC_ConfigChannel
 .text.ADC_Enable
                0x0000000008004664       0xac Drivers/STM32L1xx_HAL_Driver/Src/stm32l1xx_hal_adc.o
                0x0000000008004664                ADC_Enable
 .text.ADC_DMAConvCplt
                0x0000000008004710       0xa8 Drivers/STM32L1xx_HAL_Driver/Src/stm32l1xx_hal_adc.o
 .text.ADC_DMAHalfConvCplt
                0x00000000080047b8       0x1c Drivers/STM32L1xx_HAL_Driver/Src/stm32l1xx_hal_adc.o
 .text.ADC_DMAError
                0x00000000080047d4       0x34 Drivers/STM32L1xx_HAL_Driver/Src/stm32l1xx_hal_adc.o
 .text.__NVIC_SetPriorityGrouping
                0x0000000008004808       0x48 Drivers/STM32L1xx_HAL_Driver/Src/stm32l1xx_hal_cortex.o
 .text.__NVIC_GetPriorityGrouping
                0x0000000008004850       0x1c Drivers/STM32L1xx_HAL_Driver/Src/stm32l1xx_hal_cortex.o
 .text.__NVIC_EnableIRQ
                0x000000000800486c       0x38 Drivers/STM32L1xx_HAL_Driver/Src/stm32l1xx_hal_cortex.o
 .text.__NVIC_SetPriority
                0x00000000080048a4       0x54 Drivers/STM32L1xx_HAL_Driver/Src/stm32l1xx_hal_cortex.o
 .text.NVIC_EncodePriority
                0x00000000080048f8       0x64 Drivers/STM32L1xx_HAL_Driver/Src/stm32l1xx_hal_cortex.o
 .text.SysTick_Config
                0x000000000800495c       0x44 Drivers/STM32L1xx_HAL_Driver/Src/stm32l1xx_hal_cortex.o
 .text.HAL_NVIC_SetPriorityGrouping
                0x00000000080049a0       0x16 Drivers/STM32L1xx_HAL_Driver/Src/stm32l1xx_hal_cortex.o
                0x00000000080049a0                HAL_NVIC_SetPriorityGrouping
 .text.HAL_NVIC_SetPriority
                0x00000000080049b6       0x38 Drivers/STM32L1xx_HAL_Driver/Src/stm32l1xx_hal_cortex.o
                0x00000000080049b6                HAL_NVIC_SetPriority
 .text.HAL_NVIC_EnableIRQ
                0x00000000080049ee       0x1c Drivers/STM32L1xx_HAL_Driver/Src/stm32l1xx_hal_cortex.o
                0x00000000080049ee                HAL_NVIC_EnableIRQ
 .text.HAL_SYSTICK_Config
                0x0000000008004a0a       0x18 Drivers/STM32L1xx_HAL_Driver/Src/stm32l1xx_hal_cortex.o
                0x0000000008004a0a                HAL_SYSTICK_Config
 *fill*         0x0000000008004a22        0x2 
 .text.HAL_DMA_Init
                0x0000000008004a24       0xb0 Drivers/STM32L1xx_HAL_Driver/Src/stm32l1xx_hal_dma.o
                0x0000000008004a24                HAL_DMA_Init
 .text.HAL_DMA_Start_IT
                0x0000000008004ad4       0xc0 Drivers/STM32L1xx_HAL_Driver/Src/stm32l1xx_hal_dma.o
                0x0000000008004ad4                HAL_DMA_Start_IT
 .text.HAL_DMA_Abort_IT
                0x0000000008004b94       0x82 Drivers/STM32L1xx_HAL_Driver/Src/stm32l1xx_hal_dma.o
                0x0000000008004b94                HAL_DMA_Abort_IT
 .text.HAL_DMA_IRQHandler
                0x0000000008004c16      0x15e Drivers/STM32L1xx_HAL_Driver/Src/stm32l1xx_hal_dma.o
                0x0000000008004c16                HAL_DMA_IRQHandler
 .text.DMA_SetConfig
                0x0000000008004d74       0x5e Drivers/STM32L1xx_HAL_Driver/Src/stm32l1xx_hal_dma.o
 *fill*         0x0000000008004dd2        0x2 
 .text.HAL_GPIO_Init
                0x0000000008004dd4      0x300 Drivers/STM32L1xx_HAL_Driver/Src/stm32l1xx_hal_gpio.o
                0x0000000008004dd4                HAL_GPIO_Init
 .text.HAL_GPIO_ReadPin
                0x00000000080050d4       0x2e Drivers/STM32L1xx_HAL_Driver/Src/stm32l1xx_hal_gpio.o
                0x00000000080050d4                HAL_GPIO_ReadPin
 .text.HAL_GPIO_WritePin
                0x0000000008005102       0x30 Drivers/STM32L1xx_HAL_Driver/Src/stm32l1xx_hal_gpio.o
                0x0000000008005102                HAL_GPIO_WritePin
 *fill*         0x0000000008005132        0x2 
 .text.HAL_GPIO_EXTI_IRQHandler
                0x0000000008005134       0x30 Drivers/STM32L1xx_HAL_Driver/Src/stm32l1xx_hal_gpio.o
                0x0000000008005134                HAL_GPIO_EXTI_IRQHandler
 .text.HAL_RCC_OscConfig
                0x0000000008005164      0x660 Drivers/STM32L1xx_HAL_Driver/Src/stm32l1xx_hal_rcc.o
                0x0000000008005164                HAL_RCC_OscConfig
 .text.HAL_RCC_ClockConfig
                0x00000000080057c4      0x268 Drivers/STM32L1xx_HAL_Driver/Src/stm32l1xx_hal_rcc.o
                0x00000000080057c4                HAL_RCC_ClockConfig
 .text.HAL_RCC_GetSysClockFreq
                0x0000000008005a2c      0x198 Drivers/STM32L1xx_HAL_Driver/Src/stm32l1xx_hal_rcc.o
                0x0000000008005a2c                HAL_RCC_GetSysClockFreq
 .text.HAL_RCC_GetHCLKFreq
                0x0000000008005bc4       0x14 Drivers/STM32L1xx_HAL_Driver/Src/stm32l1xx_hal_rcc.o
                0x0000000008005bc4                HAL_RCC_GetHCLKFreq
 .text.HAL_RCC_GetPCLK1Freq
                0x0000000008005bd8       0x28 Drivers/STM32L1xx_HAL_Driver/Src/stm32l1xx_hal_rcc.o
                0x0000000008005bd8                HAL_RCC_GetPCLK1Freq
 .text.HAL_RCC_GetPCLK2Freq
                0x0000000008005c00       0x28 Drivers/STM32L1xx_HAL_Driver/Src/stm32l1xx_hal_rcc.o
                0x0000000008005c00                HAL_RCC_GetPCLK2Freq
 .text.RCC_SetFlashLatencyFromMSIRange
                0x0000000008005c28       0xc0 Drivers/STM32L1xx_HAL_Driver/Src/stm32l1xx_hal_rcc.o
 .text.HAL_SPI_Init
                0x0000000008005ce8       0xf8 Drivers/STM32L1xx_HAL_Driver/Src/stm32l1xx_hal_spi.o
                0x0000000008005ce8                HAL_SPI_Init
 .text.HAL_SPI_TransmitReceive
                0x0000000008005de0      0x344 Drivers/STM32L1xx_HAL_Driver/Src/stm32l1xx_hal_spi.o
                0x0000000008005de0                HAL_SPI_TransmitReceive
 .text.SPI_WaitFlagStateUntilTimeout
                0x0000000008006124      0x110 Drivers/STM32L1xx_HAL_Driver/Src/stm32l1xx_hal_spi.o
 .text.SPI_EndRxTxTransaction
                0x0000000008006234       0x84 Drivers/STM32L1xx_HAL_Driver/Src/stm32l1xx_hal_spi.o
 .text.HAL_TIM_Base_Init
                0x00000000080062b8       0x7e Drivers/STM32L1xx_HAL_Driver/Src/stm32l1xx_hal_tim.o
                0x00000000080062b8                HAL_TIM_Base_Init
 *fill*         0x0000000008006336        0x2 
 .text.HAL_TIM_Base_Start
                0x0000000008006338       0x94 Drivers/STM32L1xx_HAL_Driver/Src/stm32l1xx_hal_tim.o
                0x0000000008006338                HAL_TIM_Base_Start
 .text.HAL_TIM_Base_Stop
                0x00000000080063cc       0x3c Drivers/STM32L1xx_HAL_Driver/Src/stm32l1xx_hal_tim.o
                0x00000000080063cc                HAL_TIM_Base_Stop
 .text.HAL_TIM_Base_Start_IT
                0x0000000008006408       0xa4 Drivers/STM32L1xx_HAL_Driver/Src/stm32l1xx_hal_tim.o
                0x0000000008006408                HAL_TIM_Base_Start_IT
 .text.HAL_TIM_OC_Init
                0x00000000080064ac       0x7e Drivers/STM32L1xx_HAL_Driver/Src/stm32l1xx_hal_tim.o
                0x00000000080064ac                HAL_TIM_OC_Init
 .text.HAL_TIM_IRQHandler
                0x000000000800652a      0x1b8 Drivers/STM32L1xx_HAL_Driver/Src/stm32l1xx_hal_tim.o
                0x000000000800652a                HAL_TIM_IRQHandler
 *fill*         0x00000000080066e2        0x2 
 .text.HAL_TIM_OC_ConfigChannel
                0x00000000080066e4       0xb0 Drivers/STM32L1xx_HAL_Driver/Src/stm32l1xx_hal_tim.o
                0x00000000080066e4                HAL_TIM_OC_ConfigChannel
 .text.HAL_TIM_PeriodElapsedCallback
                0x0000000008006794       0x12 Drivers/STM32L1xx_HAL_Driver/Src/stm32l1xx_hal_tim.o
                0x0000000008006794                HAL_TIM_PeriodElapsedCallback
 .text.HAL_TIM_OC_DelayElapsedCallback
                0x00000000080067a6       0x12 Drivers/STM32L1xx_HAL_Driver/Src/stm32l1xx_hal_tim.o
                0x00000000080067a6                HAL_TIM_OC_DelayElapsedCallback
 .text.HAL_TIM_IC_CaptureCallback
                0x00000000080067b8       0x12 Drivers/STM32L1xx_HAL_Driver/Src/stm32l1xx_hal_tim.o
                0x00000000080067b8                HAL_TIM_IC_CaptureCallback
 .text.HAL_TIM_PWM_PulseFinishedCallback
                0x00000000080067ca       0x12 Drivers/STM32L1xx_HAL_Driver/Src/stm32l1xx_hal_tim.o
                0x00000000080067ca                HAL_TIM_PWM_PulseFinishedCallback
 .text.HAL_TIM_TriggerCallback
                0x00000000080067dc       0x12 Drivers/STM32L1xx_HAL_Driver/Src/stm32l1xx_hal_tim.o
                0x00000000080067dc                HAL_TIM_TriggerCallback
 *fill*         0x00000000080067ee        0x2 
 .text.TIM_Base_SetConfig
                0x00000000080067f0       0xc4 Drivers/STM32L1xx_HAL_Driver/Src/stm32l1xx_hal_tim.o
 .text.TIM_OC1_SetConfig
                0x00000000080068b4       0x78 Drivers/STM32L1xx_HAL_Driver/Src/stm32l1xx_hal_tim.o
 .text.TIM_OC2_SetConfig
                0x000000000800692c       0x7c Drivers/STM32L1xx_HAL_Driver/Src/stm32l1xx_hal_tim.o
 .text.TIM_OC3_SetConfig
                0x00000000080069a8       0x7a Drivers/STM32L1xx_HAL_Driver/Src/stm32l1xx_hal_tim.o
 .text.TIM_OC4_SetConfig
                0x0000000008006a22       0x7c Drivers/STM32L1xx_HAL_Driver/Src/stm32l1xx_hal_tim.o
 *fill*         0x0000000008006a9e        0x2 
 .text.HAL_TIMEx_MasterConfigSynchronization
                0x0000000008006aa0       0xbc Drivers/STM32L1xx_HAL_Driver/Src/stm32l1xx_hal_tim_ex.o
                0x0000000008006aa0                HAL_TIMEx_MasterConfigSynchronization
 .text.HAL_UART_Init
                0x0000000008006b5c       0x9a Drivers/STM32L1xx_HAL_Driver/Src/stm32l1xx_hal_uart.o
                0x0000000008006b5c                HAL_UART_Init
 .text.HAL_UART_Transmit
                0x0000000008006bf6      0x132 Drivers/STM32L1xx_HAL_Driver/Src/stm32l1xx_hal_uart.o
                0x0000000008006bf6                HAL_UART_Transmit
 .text.HAL_UART_Receive_IT
                0x0000000008006d28       0xa8 Drivers/STM32L1xx_HAL_Driver/Src/stm32l1xx_hal_uart.o
                0x0000000008006d28                HAL_UART_Receive_IT
 .text.HAL_UART_IRQHandler
                0x0000000008006dd0      0x200 Drivers/STM32L1xx_HAL_Driver/Src/stm32l1xx_hal_uart.o
                0x0000000008006dd0                HAL_UART_IRQHandler
 .text.HAL_UART_TxCpltCallback
                0x0000000008006fd0       0x12 Drivers/STM32L1xx_HAL_Driver/Src/stm32l1xx_hal_uart.o
                0x0000000008006fd0                HAL_UART_TxCpltCallback
 .text.HAL_UART_ErrorCallback
                0x0000000008006fe2       0x12 Drivers/STM32L1xx_HAL_Driver/Src/stm32l1xx_hal_uart.o
                0x0000000008006fe2                HAL_UART_ErrorCallback
 .text.UART_WaitOnFlagUntilTimeout
                0x0000000008006ff4       0x94 Drivers/STM32L1xx_HAL_Driver/Src/stm32l1xx_hal_uart.o
 .text.UART_EndRxTransfer
                0x0000000008007088       0x3a Drivers/STM32L1xx_HAL_Driver/Src/stm32l1xx_hal_uart.o
 .text.UART_DMAAbortOnError
                0x00000000080070c2       0x28 Drivers/STM32L1xx_HAL_Driver/Src/stm32l1xx_hal_uart.o
 .text.UART_Transmit_IT
                0x00000000080070ea       0xaa Drivers/STM32L1xx_HAL_Driver/Src/stm32l1xx_hal_uart.o
 .text.UART_EndTransmit_IT
                0x0000000008007194       0x30 Drivers/STM32L1xx_HAL_Driver/Src/stm32l1xx_hal_uart.o
 .text.UART_Receive_IT
                0x00000000080071c4      0x102 Drivers/STM32L1xx_HAL_Driver/Src/stm32l1xx_hal_uart.o
 *fill*         0x00000000080072c6        0x2 
 .text.UART_SetConfig
                0x00000000080072c8      0x1c8 Drivers/STM32L1xx_HAL_Driver/Src/stm32l1xx_hal_uart.o
 .text.osKernelInitialize
                0x0000000008007490       0x64 Middlewares/Third_Party/FreeRTOS/Source/CMSIS_RTOS_V2/cmsis_os2.o
                0x0000000008007490                osKernelInitialize
 .text.osKernelStart
                0x00000000080074f4       0x68 Middlewares/Third_Party/FreeRTOS/Source/CMSIS_RTOS_V2/cmsis_os2.o
                0x00000000080074f4                osKernelStart
 .text.osThreadNew
                0x000000000800755c      0x154 Middlewares/Third_Party/FreeRTOS/Source/CMSIS_RTOS_V2/cmsis_os2.o
                0x000000000800755c                osThreadNew
 .text.osDelay  0x00000000080076b0       0x5c Middlewares/Third_Party/FreeRTOS/Source/CMSIS_RTOS_V2/cmsis_os2.o
                0x00000000080076b0                osDelay
 .text.vApplicationGetIdleTaskMemory
                0x000000000800770c       0x30 Middlewares/Third_Party/FreeRTOS/Source/CMSIS_RTOS_V2/cmsis_os2.o
                0x000000000800770c                vApplicationGetIdleTaskMemory
 .text.vApplicationGetTimerTaskMemory
                0x000000000800773c       0x34 Middlewares/Third_Party/FreeRTOS/Source/CMSIS_RTOS_V2/cmsis_os2.o
                0x000000000800773c                vApplicationGetTimerTaskMemory
 .text.vListInitialise
                0x0000000008007770       0x3e Middlewares/Third_Party/FreeRTOS/Source/list.o
                0x0000000008007770                vListInitialise
 .text.vListInitialiseItem
                0x00000000080077ae       0x18 Middlewares/Third_Party/FreeRTOS/Source/list.o
                0x00000000080077ae                vListInitialiseItem
 .text.vListInsertEnd
                0x00000000080077c6       0x46 Middlewares/Third_Party/FreeRTOS/Source/list.o
                0x00000000080077c6                vListInsertEnd
 .text.vListInsert
                0x000000000800780c       0x70 Middlewares/Third_Party/FreeRTOS/Source/list.o
                0x000000000800780c                vListInsert
 .text.uxListRemove
                0x000000000800787c       0x52 Middlewares/Third_Party/FreeRTOS/Source/list.o
                0x000000000800787c                uxListRemove
 *fill*         0x00000000080078ce        0x2 
 .text.xQueueGenericReset
                0x00000000080078d0       0xd0 Middlewares/Third_Party/FreeRTOS/Source/queue.o
                0x00000000080078d0                xQueueGenericReset
 .text.xQueueGenericCreateStatic
                0x00000000080079a0       0xee Middlewares/Third_Party/FreeRTOS/Source/queue.o
                0x00000000080079a0                xQueueGenericCreateStatic
 .text.prvInitialiseNewQueue
                0x0000000008007a8e       0x46 Middlewares/Third_Party/FreeRTOS/Source/queue.o
 .text.xQueueGenericSend
                0x0000000008007ad4      0x1fc Middlewares/Third_Party/FreeRTOS/Source/queue.o
                0x0000000008007ad4                xQueueGenericSend
 .text.xQueueGenericSendFromISR
                0x0000000008007cd0      0x130 Middlewares/Third_Party/FreeRTOS/Source/queue.o
                0x0000000008007cd0                xQueueGenericSendFromISR
 .text.xQueueReceive
                0x0000000008007e00      0x1c0 Middlewares/Third_Party/FreeRTOS/Source/queue.o
                0x0000000008007e00                xQueueReceive
 .text.prvCopyDataToQueue
                0x0000000008007fc0       0xd4 Middlewares/Third_Party/FreeRTOS/Source/queue.o
 .text.prvCopyDataFromQueue
                0x0000000008008094       0x4c Middlewares/Third_Party/FreeRTOS/Source/queue.o
 .text.prvUnlockQueue
                0x00000000080080e0       0xa4 Middlewares/Third_Party/FreeRTOS/Source/queue.o
 .text.prvIsQueueEmpty
                0x0000000008008184       0x2c Middlewares/Third_Party/FreeRTOS/Source/queue.o
 .text.prvIsQueueFull
                0x00000000080081b0       0x30 Middlewares/Third_Party/FreeRTOS/Source/queue.o
 .text.vQueueAddToRegistry
                0x00000000080081e0       0x50 Middlewares/Third_Party/FreeRTOS/Source/queue.o
                0x00000000080081e0                vQueueAddToRegistry
 .text.vQueueWaitForMessageRestricted
                0x0000000008008230       0x68 Middlewares/Third_Party/FreeRTOS/Source/queue.o
                0x0000000008008230                vQueueWaitForMessageRestricted
 .text.xTaskCreateStatic
                0x0000000008008298       0xb8 Middlewares/Third_Party/FreeRTOS/Source/tasks.o
                0x0000000008008298                xTaskCreateStatic
 .text.xTaskCreate
                0x0000000008008350       0x8a Middlewares/Third_Party/FreeRTOS/Source/tasks.o
                0x0000000008008350                xTaskCreate
 .text.prvInitialiseNewTask
                0x00000000080083da      0x10e Middlewares/Third_Party/FreeRTOS/Source/tasks.o
 .text.prvAddNewTaskToReadyList
                0x00000000080084e8       0xe0 Middlewares/Third_Party/FreeRTOS/Source/tasks.o
 .text.vTaskDelay
                0x00000000080085c8       0x68 Middlewares/Third_Party/FreeRTOS/Source/tasks.o
                0x00000000080085c8                vTaskDelay
 .text.vTaskStartScheduler
                0x0000000008008630       0xcc Middlewares/Third_Party/FreeRTOS/Source/tasks.o
                0x0000000008008630                vTaskStartScheduler
 .text.vTaskSuspendAll
                0x00000000080086fc       0x1c Middlewares/Third_Party/FreeRTOS/Source/tasks.o
                0x00000000080086fc                vTaskSuspendAll
 .text.xTaskResumeAll
                0x0000000008008718      0x13c Middlewares/Third_Party/FreeRTOS/Source/tasks.o
                0x0000000008008718                xTaskResumeAll
 .text.xTaskGetTickCount
                0x0000000008008854       0x1c Middlewares/Third_Party/FreeRTOS/Source/tasks.o
                0x0000000008008854                xTaskGetTickCount
 .text.xTaskIncrementTick
                0x0000000008008870      0x17c Middlewares/Third_Party/FreeRTOS/Source/tasks.o
                0x0000000008008870                xTaskIncrementTick
 .text.vTaskSwitchContext
                0x00000000080089ec       0xb8 Middlewares/Third_Party/FreeRTOS/Source/tasks.o
                0x00000000080089ec                vTaskSwitchContext
 .text.vTaskPlaceOnEventList
                0x0000000008008aa4       0x48 Middlewares/Third_Party/FreeRTOS/Source/tasks.o
                0x0000000008008aa4                vTaskPlaceOnEventList
 .text.vTaskPlaceOnEventListRestricted
                0x0000000008008aec       0x58 Middlewares/Third_Party/FreeRTOS/Source/tasks.o
                0x0000000008008aec                vTaskPlaceOnEventListRestricted
 .text.xTaskRemoveFromEventList
                0x0000000008008b44       0xc8 Middlewares/Third_Party/FreeRTOS/Source/tasks.o
                0x0000000008008b44                xTaskRemoveFromEventList
 .text.vTaskInternalSetTimeOutState
                0x0000000008008c0c       0x2c Middlewares/Third_Party/FreeRTOS/Source/tasks.o
                0x0000000008008c0c                vTaskInternalSetTimeOutState
 .text.xTaskCheckForTimeOut
                0x0000000008008c38       0xc4 Middlewares/Third_Party/FreeRTOS/Source/tasks.o
                0x0000000008008c38                xTaskCheckForTimeOut
 .text.vTaskMissedYield
                0x0000000008008cfc       0x18 Middlewares/Third_Party/FreeRTOS/Source/tasks.o
                0x0000000008008cfc                vTaskMissedYield
 .text.prvIdleTask
                0x0000000008008d14       0x30 Middlewares/Third_Party/FreeRTOS/Source/tasks.o
 .text.prvInitialiseTaskLists
                0x0000000008008d44       0x80 Middlewares/Third_Party/FreeRTOS/Source/tasks.o
 .text.prvCheckTasksWaitingTermination
                0x0000000008008dc4       0x5c Middlewares/Third_Party/FreeRTOS/Source/tasks.o
 .text.prvDeleteTCB
                0x0000000008008e20       0x5e Middlewares/Third_Party/FreeRTOS/Source/tasks.o
 *fill*         0x0000000008008e7e        0x2 
 .text.prvResetNextTaskUnblockTime
                0x0000000008008e80       0x48 Middlewares/Third_Party/FreeRTOS/Source/tasks.o
 .text.xTaskGetSchedulerState
                0x0000000008008ec8       0x3c Middlewares/Third_Party/FreeRTOS/Source/tasks.o
                0x0000000008008ec8                xTaskGetSchedulerState
 .text.xTaskPriorityDisinherit
                0x0000000008008f04       0xdc Middlewares/Third_Party/FreeRTOS/Source/tasks.o
                0x0000000008008f04                xTaskPriorityDisinherit
 .text.prvAddCurrentTaskToDelayedList
                0x0000000008008fe0       0xa8 Middlewares/Third_Party/FreeRTOS/Source/tasks.o
 .text.xTimerCreateTimerTask
                0x0000000008009088       0x90 Middlewares/Third_Party/FreeRTOS/Source/timers.o
                0x0000000008009088                xTimerCreateTimerTask
 .text.xTimerGenericCommand
                0x0000000008009118       0x9c Middlewares/Third_Party/FreeRTOS/Source/timers.o
                0x0000000008009118                xTimerGenericCommand
 .text.prvProcessExpiredTimer
                0x00000000080091b4       0x80 Middlewares/Third_Party/FreeRTOS/Source/timers.o
 .text.prvTimerTask
                0x0000000008009234       0x24 Middlewares/Third_Party/FreeRTOS/Source/timers.o
 .text.prvProcessTimerOrBlockTask
                0x0000000008009258       0x9c Middlewares/Third_Party/FreeRTOS/Source/timers.o
 .text.prvGetNextExpireTime
                0x00000000080092f4       0x48 Middlewares/Third_Party/FreeRTOS/Source/timers.o
 .text.prvSampleTimeNow
                0x000000000800933c       0x40 Middlewares/Third_Party/FreeRTOS/Source/timers.o
 .text.prvInsertTimerInActiveList
                0x000000000800937c       0x84 Middlewares/Third_Party/FreeRTOS/Source/timers.o
 .text.prvProcessReceivedCommands
                0x0000000008009400      0x168 Middlewares/Third_Party/FreeRTOS/Source/timers.o
 .text.prvSwitchTimerLists
                0x0000000008009568       0xc4 Middlewares/Third_Party/FreeRTOS/Source/timers.o
 .text.prvCheckForValidListAndQueue
                0x000000000800962c       0x80 Middlewares/Third_Party/FreeRTOS/Source/timers.o
 .text.pxPortInitialiseStack
                0x00000000080096ac       0x58 Middlewares/Third_Party/FreeRTOS/Source/portable/GCC/ARM_CM3/port.o
                0x00000000080096ac                pxPortInitialiseStack
 .text.prvTaskExitError
                0x0000000008009704       0x58 Middlewares/Third_Party/FreeRTOS/Source/portable/GCC/ARM_CM3/port.o
 *fill*         0x000000000800975c        0x4 
 .text.SVC_Handler
                0x0000000008009760       0x28 Middlewares/Third_Party/FreeRTOS/Source/portable/GCC/ARM_CM3/port.o
                0x0000000008009760                SVC_Handler
 .text.prvPortStartFirstTask
                0x0000000008009788       0x20 Middlewares/Third_Party/FreeRTOS/Source/portable/GCC/ARM_CM3/port.o
 .text.xPortStartScheduler
                0x00000000080097a8       0xe4 Middlewares/Third_Party/FreeRTOS/Source/portable/GCC/ARM_CM3/port.o
                0x00000000080097a8                xPortStartScheduler
 .text.vPortEnterCritical
                0x000000000800988c       0x60 Middlewares/Third_Party/FreeRTOS/Source/portable/GCC/ARM_CM3/port.o
                0x000000000800988c                vPortEnterCritical
 .text.vPortExitCritical
                0x00000000080098ec       0x50 Middlewares/Third_Party/FreeRTOS/Source/portable/GCC/ARM_CM3/port.o
                0x00000000080098ec                vPortExitCritical
 *fill*         0x000000000800993c        0x4 
 .text.PendSV_Handler
                0x0000000008009940       0x48 Middlewares/Third_Party/FreeRTOS/Source/portable/GCC/ARM_CM3/port.o
                0x0000000008009940                PendSV_Handler
 .text.xPortSysTickHandler
                0x0000000008009988       0x44 Middlewares/Third_Party/FreeRTOS/Source/portable/GCC/ARM_CM3/port.o
                0x0000000008009988                xPortSysTickHandler
 .text.vPortSetupTimerInterrupt
                0x00000000080099cc       0x44 Middlewares/Third_Party/FreeRTOS/Source/portable/GCC/ARM_CM3/port.o
                0x00000000080099cc                vPortSetupTimerInterrupt
 .text.vPortValidateInterruptPriority
                0x0000000008009a10       0x7c Middlewares/Third_Party/FreeRTOS/Source/portable/GCC/ARM_CM3/port.o
                0x0000000008009a10                vPortValidateInterruptPriority
 .text.pvPortMalloc
                0x0000000008009a8c      0x188 Middlewares/Third_Party/FreeRTOS/Source/portable/MemMang/heap_4.o
                0x0000000008009a8c                pvPortMalloc
 .text.vPortFree
                0x0000000008009c14       0xb4 Middlewares/Third_Party/FreeRTOS/Source/portable/MemMang/heap_4.o
                0x0000000008009c14                vPortFree
 .text.prvHeapInit
                0x0000000008009cc8       0xc4 Middlewares/Third_Party/FreeRTOS/Source/portable/MemMang/heap_4.o
 .text.prvInsertBlockIntoFreeList
                0x0000000008009d8c       0xb0 Middlewares/Third_Party/FreeRTOS/Source/portable/MemMang/heap_4.o
 .text.atoi     0x0000000008009e3c        0x8 c:/st/stm32cubeide_1.6.0/stm32cubeide/plugins/com.st.stm32cube.ide.mcu.externaltools.gnu-tools-for-stm32.9-2020-q2-update.win32_1.5.0.202011040924/tools/bin/../lib/gcc/arm-none-eabi/9.3.1/../../../../arm-none-eabi/lib/thumb/v7-m/nofp\libc_nano.a(lib_a-atoi.o)
                0x0000000008009e3c                atoi
 .text.__libc_init_array
                0x0000000008009e44       0x48 c:/st/stm32cubeide_1.6.0/stm32cubeide/plugins/com.st.stm32cube.ide.mcu.externaltools.gnu-tools-for-stm32.9-2020-q2-update.win32_1.5.0.202011040924/tools/bin/../lib/gcc/arm-none-eabi/9.3.1/../../../../arm-none-eabi/lib/thumb/v7-m/nofp\libc_nano.a(lib_a-init.o)
                0x0000000008009e44                __libc_init_array
 .text.memcpy   0x0000000008009e8c       0x1c c:/st/stm32cubeide_1.6.0/stm32cubeide/plugins/com.st.stm32cube.ide.mcu.externaltools.gnu-tools-for-stm32.9-2020-q2-update.win32_1.5.0.202011040924/tools/bin/../lib/gcc/arm-none-eabi/9.3.1/../../../../arm-none-eabi/lib/thumb/v7-m/nofp\libc_nano.a(lib_a-memcpy-stub.o)
                0x0000000008009e8c                memcpy
 .text.memmove  0x0000000008009ea8       0x34 c:/st/stm32cubeide_1.6.0/stm32cubeide/plugins/com.st.stm32cube.ide.mcu.externaltools.gnu-tools-for-stm32.9-2020-q2-update.win32_1.5.0.202011040924/tools/bin/../lib/gcc/arm-none-eabi/9.3.1/../../../../arm-none-eabi/lib/thumb/v7-m/nofp\libc_nano.a(lib_a-memmove.o)
                0x0000000008009ea8                memmove
 .text.memset   0x0000000008009edc       0x10 c:/st/stm32cubeide_1.6.0/stm32cubeide/plugins/com.st.stm32cube.ide.mcu.externaltools.gnu-tools-for-stm32.9-2020-q2-update.win32_1.5.0.202011040924/tools/bin/../lib/gcc/arm-none-eabi/9.3.1/../../../../arm-none-eabi/lib/thumb/v7-m/nofp\libc_nano.a(lib_a-memset.o)
                0x0000000008009edc                memset
 .text.__cvt    0x0000000008009eec       0xbe c:/st/stm32cubeide_1.6.0/stm32cubeide/plugins/com.st.stm32cube.ide.mcu.externaltools.gnu-tools-for-stm32.9-2020-q2-update.win32_1.5.0.202011040924/tools/bin/../lib/gcc/arm-none-eabi/9.3.1/../../../../arm-none-eabi/lib/thumb/v7-m/nofp\libc_nano.a(lib_a-nano-vfprintf_float.o)
                0x0000000008009eec                __cvt
 .text.__exponent
                0x0000000008009faa       0x7c c:/st/stm32cubeide_1.6.0/stm32cubeide/plugins/com.st.stm32cube.ide.mcu.externaltools.gnu-tools-for-stm32.9-2020-q2-update.win32_1.5.0.202011040924/tools/bin/../lib/gcc/arm-none-eabi/9.3.1/../../../../arm-none-eabi/lib/thumb/v7-m/nofp\libc_nano.a(lib_a-nano-vfprintf_float.o)
                0x0000000008009faa                __exponent
 *fill*         0x000000000800a026        0x2 
 .text._printf_float
                0x000000000800a028      0x458 c:/st/stm32cubeide_1.6.0/stm32cubeide/plugins/com.st.stm32cube.ide.mcu.externaltools.gnu-tools-for-stm32.9-2020-q2-update.win32_1.5.0.202011040924/tools/bin/../lib/gcc/arm-none-eabi/9.3.1/../../../../arm-none-eabi/lib/thumb/v7-m/nofp\libc_nano.a(lib_a-nano-vfprintf_float.o)
                0x000000000800a028                _printf_float
 .text._printf_common
                0x000000000800a480       0xde c:/st/stm32cubeide_1.6.0/stm32cubeide/plugins/com.st.stm32cube.ide.mcu.externaltools.gnu-tools-for-stm32.9-2020-q2-update.win32_1.5.0.202011040924/tools/bin/../lib/gcc/arm-none-eabi/9.3.1/../../../../arm-none-eabi/lib/thumb/v7-m/nofp\libc_nano.a(lib_a-nano-vfprintf_i.o)
                0x000000000800a480                _printf_common
 *fill*         0x000000000800a55e        0x2 
 .text._printf_i
                0x000000000800a560      0x24c c:/st/stm32cubeide_1.6.0/stm32cubeide/plugins/com.st.stm32cube.ide.mcu.externaltools.gnu-tools-for-stm32.9-2020-q2-update.win32_1.5.0.202011040924/tools/bin/../lib/gcc/arm-none-eabi/9.3.1/../../../../arm-none-eabi/lib/thumb/v7-m/nofp\libc_nano.a(lib_a-nano-vfprintf_i.o)
                0x000000000800a560                _printf_i
 .text._scanf_float
                0x000000000800a7ac      0x424 c:/st/stm32cubeide_1.6.0/stm32cubeide/plugins/com.st.stm32cube.ide.mcu.externaltools.gnu-tools-for-stm32.9-2020-q2-update.win32_1.5.0.202011040924/tools/bin/../lib/gcc/arm-none-eabi/9.3.1/../../../../arm-none-eabi/lib/thumb/v7-m/nofp\libc_nano.a(lib_a-nano-vfscanf_float.o)
                0x000000000800a7ac                _scanf_float
 .text.nanf     0x000000000800abd0        0x8 c:/st/stm32cubeide_1.6.0/stm32cubeide/plugins/com.st.stm32cube.ide.mcu.externaltools.gnu-tools-for-stm32.9-2020-q2-update.win32_1.5.0.202011040924/tools/bin/../lib/gcc/arm-none-eabi/9.3.1/../../../../arm-none-eabi/lib/thumb/v7-m/nofp\libc_nano.a(lib_a-sf_nan.o)
                0x000000000800abd0                nanf
 .text.sprintf  0x000000000800abd8       0x40 c:/st/stm32cubeide_1.6.0/stm32cubeide/plugins/com.st.stm32cube.ide.mcu.externaltools.gnu-tools-for-stm32.9-2020-q2-update.win32_1.5.0.202011040924/tools/bin/../lib/gcc/arm-none-eabi/9.3.1/../../../../arm-none-eabi/lib/thumb/v7-m/nofp\libc_nano.a(lib_a-sprintf.o)
                0x000000000800abd8                siprintf
                0x000000000800abd8                sprintf
 .text.sulp     0x000000000800ac18       0x42 c:/st/stm32cubeide_1.6.0/stm32cubeide/plugins/com.st.stm32cube.ide.mcu.externaltools.gnu-tools-for-stm32.9-2020-q2-update.win32_1.5.0.202011040924/tools/bin/../lib/gcc/arm-none-eabi/9.3.1/../../../../arm-none-eabi/lib/thumb/v7-m/nofp\libc_nano.a(lib_a-strtod.o)
 *fill*         0x000000000800ac5a        0x6 
 .text._strtod_l
                0x000000000800ac60      0xbe8 c:/st/stm32cubeide_1.6.0/stm32cubeide/plugins/com.st.stm32cube.ide.mcu.externaltools.gnu-tools-for-stm32.9-2020-q2-update.win32_1.5.0.202011040924/tools/bin/../lib/gcc/arm-none-eabi/9.3.1/../../../../arm-none-eabi/lib/thumb/v7-m/nofp\libc_nano.a(lib_a-strtod.o)
                0x000000000800ac60                _strtod_l
 .text._strtod_r
                0x000000000800b848        0xc c:/st/stm32cubeide_1.6.0/stm32cubeide/plugins/com.st.stm32cube.ide.mcu.externaltools.gnu-tools-for-stm32.9-2020-q2-update.win32_1.5.0.202011040924/tools/bin/../lib/gcc/arm-none-eabi/9.3.1/../../../../arm-none-eabi/lib/thumb/v7-m/nofp\libc_nano.a(lib_a-strtod.o)
                0x000000000800b848                _strtod_r
 .text._strtol_l.isra.0
                0x000000000800b854      0x10c c:/st/stm32cubeide_1.6.0/stm32cubeide/plugins/com.st.stm32cube.ide.mcu.externaltools.gnu-tools-for-stm32.9-2020-q2-update.win32_1.5.0.202011040924/tools/bin/../lib/gcc/arm-none-eabi/9.3.1/../../../../arm-none-eabi/lib/thumb/v7-m/nofp\libc_nano.a(lib_a-strtol.o)
 .text._strtol_r
                0x000000000800b960        0x4 c:/st/stm32cubeide_1.6.0/stm32cubeide/plugins/com.st.stm32cube.ide.mcu.externaltools.gnu-tools-for-stm32.9-2020-q2-update.win32_1.5.0.202011040924/tools/bin/../lib/gcc/arm-none-eabi/9.3.1/../../../../arm-none-eabi/lib/thumb/v7-m/nofp\libc_nano.a(lib_a-strtol.o)
                0x000000000800b960                _strtol_r
 .text.strtol   0x000000000800b964       0x14 c:/st/stm32cubeide_1.6.0/stm32cubeide/plugins/com.st.stm32cube.ide.mcu.externaltools.gnu-tools-for-stm32.9-2020-q2-update.win32_1.5.0.202011040924/tools/bin/../lib/gcc/arm-none-eabi/9.3.1/../../../../arm-none-eabi/lib/thumb/v7-m/nofp\libc_nano.a(lib_a-strtol.o)
                0x000000000800b964                strtol
 .text._vsprintf_r
                0x000000000800b978       0x2c c:/st/stm32cubeide_1.6.0/stm32cubeide/plugins/com.st.stm32cube.ide.mcu.externaltools.gnu-tools-for-stm32.9-2020-q2-update.win32_1.5.0.202011040924/tools/bin/../lib/gcc/arm-none-eabi/9.3.1/../../../../arm-none-eabi/lib/thumb/v7-m/nofp\libc_nano.a(lib_a-vsprintf.o)
                0x000000000800b978                _vsprintf_r
                0x000000000800b978                _vsiprintf_r
 .text.vsprintf
                0x000000000800b9a4       0x14 c:/st/stm32cubeide_1.6.0/stm32cubeide/plugins/com.st.stm32cube.ide.mcu.externaltools.gnu-tools-for-stm32.9-2020-q2-update.win32_1.5.0.202011040924/tools/bin/../lib/gcc/arm-none-eabi/9.3.1/../../../../arm-none-eabi/lib/thumb/v7-m/nofp\libc_nano.a(lib_a-vsprintf.o)
                0x000000000800b9a4                vsiprintf
                0x000000000800b9a4                vsprintf
 .text.quorem   0x000000000800b9b8      0x11a c:/st/stm32cubeide_1.6.0/stm32cubeide/plugins/com.st.stm32cube.ide.mcu.externaltools.gnu-tools-for-stm32.9-2020-q2-update.win32_1.5.0.202011040924/tools/bin/../lib/gcc/arm-none-eabi/9.3.1/../../../../arm-none-eabi/lib/thumb/v7-m/nofp\libc_nano.a(lib_a-dtoa.o)
 *fill*         0x000000000800bad2        0x6 
 .text._dtoa_r  0x000000000800bad8      0xbdc c:/st/stm32cubeide_1.6.0/stm32cubeide/plugins/com.st.stm32cube.ide.mcu.externaltools.gnu-tools-for-stm32.9-2020-q2-update.win32_1.5.0.202011040924/tools/bin/../lib/gcc/arm-none-eabi/9.3.1/../../../../arm-none-eabi/lib/thumb/v7-m/nofp\libc_nano.a(lib_a-dtoa.o)
                0x000000000800bad8                _dtoa_r
 .text.__errno  0x000000000800c6b4        0xc c:/st/stm32cubeide_1.6.0/stm32cubeide/plugins/com.st.stm32cube.ide.mcu.externaltools.gnu-tools-for-stm32.9-2020-q2-update.win32_1.5.0.202011040924/tools/bin/../lib/gcc/arm-none-eabi/9.3.1/../../../../arm-none-eabi/lib/thumb/v7-m/nofp\libc_nano.a(lib_a-errno.o)
                0x000000000800c6b4                __errno
 .text.rshift   0x000000000800c6c0       0xa6 c:/st/stm32cubeide_1.6.0/stm32cubeide/plugins/com.st.stm32cube.ide.mcu.externaltools.gnu-tools-for-stm32.9-2020-q2-update.win32_1.5.0.202011040924/tools/bin/../lib/gcc/arm-none-eabi/9.3.1/../../../../arm-none-eabi/lib/thumb/v7-m/nofp\libc_nano.a(lib_a-gdtoa-gethex.o)
 .text.__hexdig_fun
                0x000000000800c766       0x2a c:/st/stm32cubeide_1.6.0/stm32cubeide/plugins/com.st.stm32cube.ide.mcu.externaltools.gnu-tools-for-stm32.9-2020-q2-update.win32_1.5.0.202011040924/tools/bin/../lib/gcc/arm-none-eabi/9.3.1/../../../../arm-none-eabi/lib/thumb/v7-m/nofp\libc_nano.a(lib_a-gdtoa-gethex.o)
                0x000000000800c766                __hexdig_fun
 .text.__gethex
                0x000000000800c790      0x478 c:/st/stm32cubeide_1.6.0/stm32cubeide/plugins/com.st.stm32cube.ide.mcu.externaltools.gnu-tools-for-stm32.9-2020-q2-update.win32_1.5.0.202011040924/tools/bin/../lib/gcc/arm-none-eabi/9.3.1/../../../../arm-none-eabi/lib/thumb/v7-m/nofp\libc_nano.a(lib_a-gdtoa-gethex.o)
                0x000000000800c790                __gethex
 .text.L_shift  0x000000000800cc08       0x24 c:/st/stm32cubeide_1.6.0/stm32cubeide/plugins/com.st.stm32cube.ide.mcu.externaltools.gnu-tools-for-stm32.9-2020-q2-update.win32_1.5.0.202011040924/tools/bin/../lib/gcc/arm-none-eabi/9.3.1/../../../../arm-none-eabi/lib/thumb/v7-m/nofp\libc_nano.a(lib_a-gdtoa-hexnan.o)
 .text.__match  0x000000000800cc2c       0x28 c:/st/stm32cubeide_1.6.0/stm32cubeide/plugins/com.st.stm32cube.ide.mcu.externaltools.gnu-tools-for-stm32.9-2020-q2-update.win32_1.5.0.202011040924/tools/bin/../lib/gcc/arm-none-eabi/9.3.1/../../../../arm-none-eabi/lib/thumb/v7-m/nofp\libc_nano.a(lib_a-gdtoa-hexnan.o)
                0x000000000800cc2c                __match
 .text.__hexnan
                0x000000000800cc54      0x138 c:/st/stm32cubeide_1.6.0/stm32cubeide/plugins/com.st.stm32cube.ide.mcu.externaltools.gnu-tools-for-stm32.9-2020-q2-update.win32_1.5.0.202011040924/tools/bin/../lib/gcc/arm-none-eabi/9.3.1/../../../../arm-none-eabi/lib/thumb/v7-m/nofp\libc_nano.a(lib_a-gdtoa-hexnan.o)
                0x000000000800cc54                __hexnan
 .text._localeconv_r
                0x000000000800cd8c        0x8 c:/st/stm32cubeide_1.6.0/stm32cubeide/plugins/com.st.stm32cube.ide.mcu.externaltools.gnu-tools-for-stm32.9-2020-q2-update.win32_1.5.0.202011040924/tools/bin/../lib/gcc/arm-none-eabi/9.3.1/../../../../arm-none-eabi/lib/thumb/v7-m/nofp\libc_nano.a(lib_a-localeconv.o)
                0x000000000800cd8c                _localeconv_r
 .text.malloc   0x000000000800cd94       0x10 c:/st/stm32cubeide_1.6.0/stm32cubeide/plugins/com.st.stm32cube.ide.mcu.externaltools.gnu-tools-for-stm32.9-2020-q2-update.win32_1.5.0.202011040924/tools/bin/../lib/gcc/arm-none-eabi/9.3.1/../../../../arm-none-eabi/lib/thumb/v7-m/nofp\libc_nano.a(lib_a-malloc.o)
                0x000000000800cd94                malloc
 .text.__ascii_mbtowc
                0x000000000800cda4       0x24 c:/st/stm32cubeide_1.6.0/stm32cubeide/plugins/com.st.stm32cube.ide.mcu.externaltools.gnu-tools-for-stm32.9-2020-q2-update.win32_1.5.0.202011040924/tools/bin/../lib/gcc/arm-none-eabi/9.3.1/../../../../arm-none-eabi/lib/thumb/v7-m/nofp\libc_nano.a(lib_a-mbtowc_r.o)
                0x000000000800cda4                __ascii_mbtowc
 .text.memchr   0x000000000800cdc8       0x1c c:/st/stm32cubeide_1.6.0/stm32cubeide/plugins/com.st.stm32cube.ide.mcu.externaltools.gnu-tools-for-stm32.9-2020-q2-update.win32_1.5.0.202011040924/tools/bin/../lib/gcc/arm-none-eabi/9.3.1/../../../../arm-none-eabi/lib/thumb/v7-m/nofp\libc_nano.a(lib_a-memchr-stub.o)
                0x000000000800cdc8                memchr
 .text._Balloc  0x000000000800cde4       0x80 c:/st/stm32cubeide_1.6.0/stm32cubeide/plugins/com.st.stm32cube.ide.mcu.externaltools.gnu-tools-for-stm32.9-2020-q2-update.win32_1.5.0.202011040924/tools/bin/../lib/gcc/arm-none-eabi/9.3.1/../../../../arm-none-eabi/lib/thumb/v7-m/nofp\libc_nano.a(lib_a-mprec.o)
                0x000000000800cde4                _Balloc
 .text._Bfree   0x000000000800ce64       0x44 c:/st/stm32cubeide_1.6.0/stm32cubeide/plugins/com.st.stm32cube.ide.mcu.externaltools.gnu-tools-for-stm32.9-2020-q2-update.win32_1.5.0.202011040924/tools/bin/../lib/gcc/arm-none-eabi/9.3.1/../../../../arm-none-eabi/lib/thumb/v7-m/nofp\libc_nano.a(lib_a-mprec.o)
                0x000000000800ce64                _Bfree
 .text.__multadd
                0x000000000800cea8       0x94 c:/st/stm32cubeide_1.6.0/stm32cubeide/plugins/com.st.stm32cube.ide.mcu.externaltools.gnu-tools-for-stm32.9-2020-q2-update.win32_1.5.0.202011040924/tools/bin/../lib/gcc/arm-none-eabi/9.3.1/../../../../arm-none-eabi/lib/thumb/v7-m/nofp\libc_nano.a(lib_a-mprec.o)
                0x000000000800cea8                __multadd
 .text.__s2b    0x000000000800cf3c       0x94 c:/st/stm32cubeide_1.6.0/stm32cubeide/plugins/com.st.stm32cube.ide.mcu.externaltools.gnu-tools-for-stm32.9-2020-q2-update.win32_1.5.0.202011040924/tools/bin/../lib/gcc/arm-none-eabi/9.3.1/../../../../arm-none-eabi/lib/thumb/v7-m/nofp\libc_nano.a(lib_a-mprec.o)
                0x000000000800cf3c                __s2b
 .text.__hi0bits
                0x000000000800cfd0       0x40 c:/st/stm32cubeide_1.6.0/stm32cubeide/plugins/com.st.stm32cube.ide.mcu.externaltools.gnu-tools-for-stm32.9-2020-q2-update.win32_1.5.0.202011040924/tools/bin/../lib/gcc/arm-none-eabi/9.3.1/../../../../arm-none-eabi/lib/thumb/v7-m/nofp\libc_nano.a(lib_a-mprec.o)
                0x000000000800cfd0                __hi0bits
 .text.__lo0bits
                0x000000000800d010       0x5c c:/st/stm32cubeide_1.6.0/stm32cubeide/plugins/com.st.stm32cube.ide.mcu.externaltools.gnu-tools-for-stm32.9-2020-q2-update.win32_1.5.0.202011040924/tools/bin/../lib/gcc/arm-none-eabi/9.3.1/../../../../arm-none-eabi/lib/thumb/v7-m/nofp\libc_nano.a(lib_a-mprec.o)
                0x000000000800d010                __lo0bits
 .text.__i2b    0x000000000800d06c       0x2c c:/st/stm32cubeide_1.6.0/stm32cubeide/plugins/com.st.stm32cube.ide.mcu.externaltools.gnu-tools-for-stm32.9-2020-q2-update.win32_1.5.0.202011040924/tools/bin/../lib/gcc/arm-none-eabi/9.3.1/../../../../arm-none-eabi/lib/thumb/v7-m/nofp\libc_nano.a(lib_a-mprec.o)
                0x000000000800d06c                __i2b
 .text.__multiply
                0x000000000800d098      0x148 c:/st/stm32cubeide_1.6.0/stm32cubeide/plugins/com.st.stm32cube.ide.mcu.externaltools.gnu-tools-for-stm32.9-2020-q2-update.win32_1.5.0.202011040924/tools/bin/../lib/gcc/arm-none-eabi/9.3.1/../../../../arm-none-eabi/lib/thumb/v7-m/nofp\libc_nano.a(lib_a-mprec.o)
                0x000000000800d098                __multiply
 .text.__pow5mult
                0x000000000800d1e0       0xb4 c:/st/stm32cubeide_1.6.0/stm32cubeide/plugins/com.st.stm32cube.ide.mcu.externaltools.gnu-tools-for-stm32.9-2020-q2-update.win32_1.5.0.202011040924/tools/bin/../lib/gcc/arm-none-eabi/9.3.1/../../../../arm-none-eabi/lib/thumb/v7-m/nofp\libc_nano.a(lib_a-mprec.o)
                0x000000000800d1e0                __pow5mult
 .text.__lshift
                0x000000000800d294       0xd8 c:/st/stm32cubeide_1.6.0/stm32cubeide/plugins/com.st.stm32cube.ide.mcu.externaltools.gnu-tools-for-stm32.9-2020-q2-update.win32_1.5.0.202011040924/tools/bin/../lib/gcc/arm-none-eabi/9.3.1/../../../../arm-none-eabi/lib/thumb/v7-m/nofp\libc_nano.a(lib_a-mprec.o)
                0x000000000800d294                __lshift
 .text.__mcmp   0x000000000800d36c       0x36 c:/st/stm32cubeide_1.6.0/stm32cubeide/plugins/com.st.stm32cube.ide.mcu.externaltools.gnu-tools-for-stm32.9-2020-q2-update.win32_1.5.0.202011040924/tools/bin/../lib/gcc/arm-none-eabi/9.3.1/../../../../arm-none-eabi/lib/thumb/v7-m/nofp\libc_nano.a(lib_a-mprec.o)
                0x000000000800d36c                __mcmp
 *fill*         0x000000000800d3a2        0x2 
 .text.__mdiff  0x000000000800d3a4      0x120 c:/st/stm32cubeide_1.6.0/stm32cubeide/plugins/com.st.stm32cube.ide.mcu.externaltools.gnu-tools-for-stm32.9-2020-q2-update.win32_1.5.0.202011040924/tools/bin/../lib/gcc/arm-none-eabi/9.3.1/../../../../arm-none-eabi/lib/thumb/v7-m/nofp\libc_nano.a(lib_a-mprec.o)
                0x000000000800d3a4                __mdiff
 .text.__ulp    0x000000000800d4c4       0x4c c:/st/stm32cubeide_1.6.0/stm32cubeide/plugins/com.st.stm32cube.ide.mcu.externaltools.gnu-tools-for-stm32.9-2020-q2-update.win32_1.5.0.202011040924/tools/bin/../lib/gcc/arm-none-eabi/9.3.1/../../../../arm-none-eabi/lib/thumb/v7-m/nofp\libc_nano.a(lib_a-mprec.o)
                0x000000000800d4c4                __ulp
 .text.__b2d    0x000000000800d510       0xa8 c:/st/stm32cubeide_1.6.0/stm32cubeide/plugins/com.st.stm32cube.ide.mcu.externaltools.gnu-tools-for-stm32.9-2020-q2-update.win32_1.5.0.202011040924/tools/bin/../lib/gcc/arm-none-eabi/9.3.1/../../../../arm-none-eabi/lib/thumb/v7-m/nofp\libc_nano.a(lib_a-mprec.o)
                0x000000000800d510                __b2d
 .text.__d2b    0x000000000800d5b8       0xb8 c:/st/stm32cubeide_1.6.0/stm32cubeide/plugins/com.st.stm32cube.ide.mcu.externaltools.gnu-tools-for-stm32.9-2020-q2-update.win32_1.5.0.202011040924/tools/bin/../lib/gcc/arm-none-eabi/9.3.1/../../../../arm-none-eabi/lib/thumb/v7-m/nofp\libc_nano.a(lib_a-mprec.o)
                0x000000000800d5b8                __d2b
 .text.__ratio  0x000000000800d670       0x5c c:/st/stm32cubeide_1.6.0/stm32cubeide/plugins/com.st.stm32cube.ide.mcu.externaltools.gnu-tools-for-stm32.9-2020-q2-update.win32_1.5.0.202011040924/tools/bin/../lib/gcc/arm-none-eabi/9.3.1/../../../../arm-none-eabi/lib/thumb/v7-m/nofp\libc_nano.a(lib_a-mprec.o)
                0x000000000800d670                __ratio
 .text.__copybits
                0x000000000800d6cc       0x46 c:/st/stm32cubeide_1.6.0/stm32cubeide/plugins/com.st.stm32cube.ide.mcu.externaltools.gnu-tools-for-stm32.9-2020-q2-update.win32_1.5.0.202011040924/tools/bin/../lib/gcc/arm-none-eabi/9.3.1/../../../../arm-none-eabi/lib/thumb/v7-m/nofp\libc_nano.a(lib_a-mprec.o)
                0x000000000800d6cc                __copybits
 .text.__any_on
                0x000000000800d712       0x42 c:/st/stm32cubeide_1.6.0/stm32cubeide/plugins/com.st.stm32cube.ide.mcu.externaltools.gnu-tools-for-stm32.9-2020-q2-update.win32_1.5.0.202011040924/tools/bin/../lib/gcc/arm-none-eabi/9.3.1/../../../../arm-none-eabi/lib/thumb/v7-m/nofp\libc_nano.a(lib_a-mprec.o)
                0x000000000800d712                __any_on
 .text._calloc_r
                0x000000000800d754       0x1c c:/st/stm32cubeide_1.6.0/stm32cubeide/plugins/com.st.stm32cube.ide.mcu.externaltools.gnu-tools-for-stm32.9-2020-q2-update.win32_1.5.0.202011040924/tools/bin/../lib/gcc/arm-none-eabi/9.3.1/../../../../arm-none-eabi/lib/thumb/v7-m/nofp\libc_nano.a(lib_a-nano-callocr.o)
                0x000000000800d754                _calloc_r
 .text._free_r  0x000000000800d770       0x98 c:/st/stm32cubeide_1.6.0/stm32cubeide/plugins/com.st.stm32cube.ide.mcu.externaltools.gnu-tools-for-stm32.9-2020-q2-update.win32_1.5.0.202011040924/tools/bin/../lib/gcc/arm-none-eabi/9.3.1/../../../../arm-none-eabi/lib/thumb/v7-m/nofp\libc_nano.a(lib_a-nano-freer.o)
                0x000000000800d770                _free_r
 .text._malloc_r
                0x000000000800d808       0xb4 c:/st/stm32cubeide_1.6.0/stm32cubeide/plugins/com.st.stm32cube.ide.mcu.externaltools.gnu-tools-for-stm32.9-2020-q2-update.win32_1.5.0.202011040924/tools/bin/../lib/gcc/arm-none-eabi/9.3.1/../../../../arm-none-eabi/lib/thumb/v7-m/nofp\libc_nano.a(lib_a-nano-mallocr.o)
                0x000000000800d808                _malloc_r
 .text.__ssputs_r
                0x000000000800d8bc       0xb6 c:/st/stm32cubeide_1.6.0/stm32cubeide/plugins/com.st.stm32cube.ide.mcu.externaltools.gnu-tools-for-stm32.9-2020-q2-update.win32_1.5.0.202011040924/tools/bin/../lib/gcc/arm-none-eabi/9.3.1/../../../../arm-none-eabi/lib/thumb/v7-m/nofp\libc_nano.a(lib_a-nano-svfprintf.o)
                0x000000000800d8bc                __ssputs_r
 *fill*         0x000000000800d972        0x2 
 .text._svfprintf_r
                0x000000000800d974      0x200 c:/st/stm32cubeide_1.6.0/stm32cubeide/plugins/com.st.stm32cube.ide.mcu.externaltools.gnu-tools-for-stm32.9-2020-q2-update.win32_1.5.0.202011040924/tools/bin/../lib/gcc/arm-none-eabi/9.3.1/../../../../arm-none-eabi/lib/thumb/v7-m/nofp\libc_nano.a(lib_a-nano-svfprintf.o)
                0x000000000800d974                _svfiprintf_r
                0x000000000800d974                _svfprintf_r
 .text.nan      0x000000000800db74        0xc c:/st/stm32cubeide_1.6.0/stm32cubeide/plugins/com.st.stm32cube.ide.mcu.externaltools.gnu-tools-for-stm32.9-2020-q2-update.win32_1.5.0.202011040924/tools/bin/../lib/gcc/arm-none-eabi/9.3.1/../../../../arm-none-eabi/lib/thumb/v7-m/nofp\libc_nano.a(lib_a-s_nan.o)
                0x000000000800db74                nan
 .text._sbrk_r  0x000000000800db80       0x20 c:/st/stm32cubeide_1.6.0/stm32cubeide/plugins/com.st.stm32cube.ide.mcu.externaltools.gnu-tools-for-stm32.9-2020-q2-update.win32_1.5.0.202011040924/tools/bin/../lib/gcc/arm-none-eabi/9.3.1/../../../../arm-none-eabi/lib/thumb/v7-m/nofp\libc_nano.a(lib_a-sbrkr.o)
                0x000000000800db80                _sbrk_r
 .text.strncmp  0x000000000800dba0       0x24 c:/st/stm32cubeide_1.6.0/stm32cubeide/plugins/com.st.stm32cube.ide.mcu.externaltools.gnu-tools-for-stm32.9-2020-q2-update.win32_1.5.0.202011040924/tools/bin/../lib/gcc/arm-none-eabi/9.3.1/../../../../arm-none-eabi/lib/thumb/v7-m/nofp\libc_nano.a(lib_a-strncmp.o)
                0x000000000800dba0                strncmp
 .text.__ascii_wctomb
                0x000000000800dbc4       0x1a c:/st/stm32cubeide_1.6.0/stm32cubeide/plugins/com.st.stm32cube.ide.mcu.externaltools.gnu-tools-for-stm32.9-2020-q2-update.win32_1.5.0.202011040924/tools/bin/../lib/gcc/arm-none-eabi/9.3.1/../../../../arm-none-eabi/lib/thumb/v7-m/nofp\libc_nano.a(lib_a-wctomb_r.o)
                0x000000000800dbc4                __ascii_wctomb
 *fill*         0x000000000800dbde        0x2 
 .text.__assert_func
                0x000000000800dbe0       0x3c c:/st/stm32cubeide_1.6.0/stm32cubeide/plugins/com.st.stm32cube.ide.mcu.externaltools.gnu-tools-for-stm32.9-2020-q2-update.win32_1.5.0.202011040924/tools/bin/../lib/gcc/arm-none-eabi/9.3.1/../../../../arm-none-eabi/lib/thumb/v7-m/nofp\libc_nano.a(lib_a-assert.o)
                0x000000000800dbe0                __assert_func
 .text.fprintf  0x000000000800dc1c       0x24 c:/st/stm32cubeide_1.6.0/stm32cubeide/plugins/com.st.stm32cube.ide.mcu.externaltools.gnu-tools-for-stm32.9-2020-q2-update.win32_1.5.0.202011040924/tools/bin/../lib/gcc/arm-none-eabi/9.3.1/../../../../arm-none-eabi/lib/thumb/v7-m/nofp\libc_nano.a(lib_a-fprintf.o)
                0x000000000800dc1c                fiprintf
                0x000000000800dc1c                fprintf
 .text.__malloc_lock
                0x000000000800dc40        0xc c:/st/stm32cubeide_1.6.0/stm32cubeide/plugins/com.st.stm32cube.ide.mcu.externaltools.gnu-tools-for-stm32.9-2020-q2-update.win32_1.5.0.202011040924/tools/bin/../lib/gcc/arm-none-eabi/9.3.1/../../../../arm-none-eabi/lib/thumb/v7-m/nofp\libc_nano.a(lib_a-mlock.o)
                0x000000000800dc40                __malloc_lock
 .text.__malloc_unlock
                0x000000000800dc4c        0xc c:/st/stm32cubeide_1.6.0/stm32cubeide/plugins/com.st.stm32cube.ide.mcu.externaltools.gnu-tools-for-stm32.9-2020-q2-update.win32_1.5.0.202011040924/tools/bin/../lib/gcc/arm-none-eabi/9.3.1/../../../../arm-none-eabi/lib/thumb/v7-m/nofp\libc_nano.a(lib_a-mlock.o)
                0x000000000800dc4c                __malloc_unlock
 .text._realloc_r
                0x000000000800dc58       0x4c c:/st/stm32cubeide_1.6.0/stm32cubeide/plugins/com.st.stm32cube.ide.mcu.externaltools.gnu-tools-for-stm32.9-2020-q2-update.win32_1.5.0.202011040924/tools/bin/../lib/gcc/arm-none-eabi/9.3.1/../../../../arm-none-eabi/lib/thumb/v7-m/nofp\libc_nano.a(lib_a-nano-reallocr.o)
                0x000000000800dc58                _realloc_r
 .text.__sfputc_r
                0x000000000800dca4       0x2a c:/st/stm32cubeide_1.6.0/stm32cubeide/plugins/com.st.stm32cube.ide.mcu.externaltools.gnu-tools-for-stm32.9-2020-q2-update.win32_1.5.0.202011040924/tools/bin/../lib/gcc/arm-none-eabi/9.3.1/../../../../arm-none-eabi/lib/thumb/v7-m/nofp\libc_nano.a(lib_a-nano-vfprintf.o)
 .text.__sfputs_r
                0x000000000800dcce       0x24 c:/st/stm32cubeide_1.6.0/stm32cubeide/plugins/com.st.stm32cube.ide.mcu.externaltools.gnu-tools-for-stm32.9-2020-q2-update.win32_1.5.0.202011040924/tools/bin/../lib/gcc/arm-none-eabi/9.3.1/../../../../arm-none-eabi/lib/thumb/v7-m/nofp\libc_nano.a(lib_a-nano-vfprintf.o)
                0x000000000800dcce                __sfputs_r
 *fill*         0x000000000800dcf2        0x2 
 .text._vfprintf_r
                0x000000000800dcf4      0x260 c:/st/stm32cubeide_1.6.0/stm32cubeide/plugins/com.st.stm32cube.ide.mcu.externaltools.gnu-tools-for-stm32.9-2020-q2-update.win32_1.5.0.202011040924/tools/bin/../lib/gcc/arm-none-eabi/9.3.1/../../../../arm-none-eabi/lib/thumb/v7-m/nofp\libc_nano.a(lib_a-nano-vfprintf.o)
                0x000000000800dcf4                _vfprintf_r
                0x000000000800dcf4                _vfiprintf_r
 .text.__swbuf_r
                0x000000000800df54       0xa4 c:/st/stm32cubeide_1.6.0/stm32cubeide/plugins/com.st.stm32cube.ide.mcu.externaltools.gnu-tools-for-stm32.9-2020-q2-update.win32_1.5.0.202011040924/tools/bin/../lib/gcc/arm-none-eabi/9.3.1/../../../../arm-none-eabi/lib/thumb/v7-m/nofp\libc_nano.a(lib_a-wbuf.o)
                0x000000000800df54                __swbuf_r
 .text.__swsetup_r
                0x000000000800dff8       0xdc c:/st/stm32cubeide_1.6.0/stm32cubeide/plugins/com.st.stm32cube.ide.mcu.externaltools.gnu-tools-for-stm32.9-2020-q2-update.win32_1.5.0.202011040924/tools/bin/../lib/gcc/arm-none-eabi/9.3.1/../../../../arm-none-eabi/lib/thumb/v7-m/nofp\libc_nano.a(lib_a-wsetup.o)
                0x000000000800dff8                __swsetup_r
 .text.abort    0x000000000800e0d4        0xe c:/st/stm32cubeide_1.6.0/stm32cubeide/plugins/com.st.stm32cube.ide.mcu.externaltools.gnu-tools-for-stm32.9-2020-q2-update.win32_1.5.0.202011040924/tools/bin/../lib/gcc/arm-none-eabi/9.3.1/../../../../arm-none-eabi/lib/thumb/v7-m/nofp\libc_nano.a(lib_a-abort.o)
                0x000000000800e0d4                abort
 *fill*         0x000000000800e0e2        0x2 
 .text.__sflush_r
                0x000000000800e0e4      0x10c c:/st/stm32cubeide_1.6.0/stm32cubeide/plugins/com.st.stm32cube.ide.mcu.externaltools.gnu-tools-for-stm32.9-2020-q2-update.win32_1.5.0.202011040924/tools/bin/../lib/gcc/arm-none-eabi/9.3.1/../../../../arm-none-eabi/lib/thumb/v7-m/nofp\libc_nano.a(lib_a-fflush.o)
                0x000000000800e0e4                __sflush_r
 .text._fflush_r
                0x000000000800e1f0       0x78 c:/st/stm32cubeide_1.6.0/stm32cubeide/plugins/com.st.stm32cube.ide.mcu.externaltools.gnu-tools-for-stm32.9-2020-q2-update.win32_1.5.0.202011040924/tools/bin/../lib/gcc/arm-none-eabi/9.3.1/../../../../arm-none-eabi/lib/thumb/v7-m/nofp\libc_nano.a(lib_a-fflush.o)
                0x000000000800e1f0                _fflush_r
 .text.std      0x000000000800e268       0x48 c:/st/stm32cubeide_1.6.0/stm32cubeide/plugins/com.st.stm32cube.ide.mcu.externaltools.gnu-tools-for-stm32.9-2020-q2-update.win32_1.5.0.202011040924/tools/bin/../lib/gcc/arm-none-eabi/9.3.1/../../../../arm-none-eabi/lib/thumb/v7-m/nofp\libc_nano.a(lib_a-findfp.o)
 .text._cleanup_r
                0x000000000800e2b0        0xc c:/st/stm32cubeide_1.6.0/stm32cubeide/plugins/com.st.stm32cube.ide.mcu.externaltools.gnu-tools-for-stm32.9-2020-q2-update.win32_1.5.0.202011040924/tools/bin/../lib/gcc/arm-none-eabi/9.3.1/../../../../arm-none-eabi/lib/thumb/v7-m/nofp\libc_nano.a(lib_a-findfp.o)
                0x000000000800e2b0                _cleanup_r
 .text.__sfmoreglue
                0x000000000800e2bc       0x2c c:/st/stm32cubeide_1.6.0/stm32cubeide/plugins/com.st.stm32cube.ide.mcu.externaltools.gnu-tools-for-stm32.9-2020-q2-update.win32_1.5.0.202011040924/tools/bin/../lib/gcc/arm-none-eabi/9.3.1/../../../../arm-none-eabi/lib/thumb/v7-m/nofp\libc_nano.a(lib_a-findfp.o)
                0x000000000800e2bc                __sfmoreglue
 .text.__sfp_lock_acquire
                0x000000000800e2e8        0xc c:/st/stm32cubeide_1.6.0/stm32cubeide/plugins/com.st.stm32cube.ide.mcu.externaltools.gnu-tools-for-stm32.9-2020-q2-update.win32_1.5.0.202011040924/tools/bin/../lib/gcc/arm-none-eabi/9.3.1/../../../../arm-none-eabi/lib/thumb/v7-m/nofp\libc_nano.a(lib_a-findfp.o)
                0x000000000800e2e8                __sfp_lock_acquire
 .text.__sfp_lock_release
                0x000000000800e2f4        0xc c:/st/stm32cubeide_1.6.0/stm32cubeide/plugins/com.st.stm32cube.ide.mcu.externaltools.gnu-tools-for-stm32.9-2020-q2-update.win32_1.5.0.202011040924/tools/bin/../lib/gcc/arm-none-eabi/9.3.1/../../../../arm-none-eabi/lib/thumb/v7-m/nofp\libc_nano.a(lib_a-findfp.o)
                0x000000000800e2f4                __sfp_lock_release
 .text.__sinit_lock_acquire
                0x000000000800e300        0xc c:/st/stm32cubeide_1.6.0/stm32cubeide/plugins/com.st.stm32cube.ide.mcu.externaltools.gnu-tools-for-stm32.9-2020-q2-update.win32_1.5.0.202011040924/tools/bin/../lib/gcc/arm-none-eabi/9.3.1/../../../../arm-none-eabi/lib/thumb/v7-m/nofp\libc_nano.a(lib_a-findfp.o)
                0x000000000800e300                __sinit_lock_acquire
 .text.__sinit_lock_release
                0x000000000800e30c        0xc c:/st/stm32cubeide_1.6.0/stm32cubeide/plugins/com.st.stm32cube.ide.mcu.externaltools.gnu-tools-for-stm32.9-2020-q2-update.win32_1.5.0.202011040924/tools/bin/../lib/gcc/arm-none-eabi/9.3.1/../../../../arm-none-eabi/lib/thumb/v7-m/nofp\libc_nano.a(lib_a-findfp.o)
                0x000000000800e30c                __sinit_lock_release
 .text.__sinit  0x000000000800e318       0x70 c:/st/stm32cubeide_1.6.0/stm32cubeide/plugins/com.st.stm32cube.ide.mcu.externaltools.gnu-tools-for-stm32.9-2020-q2-update.win32_1.5.0.202011040924/tools/bin/../lib/gcc/arm-none-eabi/9.3.1/../../../../arm-none-eabi/lib/thumb/v7-m/nofp\libc_nano.a(lib_a-findfp.o)
                0x000000000800e318                __sinit
 .text.__sfp    0x000000000800e388       0x8c c:/st/stm32cubeide_1.6.0/stm32cubeide/plugins/com.st.stm32cube.ide.mcu.externaltools.gnu-tools-for-stm32.9-2020-q2-update.win32_1.5.0.202011040924/tools/bin/../lib/gcc/arm-none-eabi/9.3.1/../../../../arm-none-eabi/lib/thumb/v7-m/nofp\libc_nano.a(lib_a-findfp.o)
                0x000000000800e388                __sfp
 .text._fwalk_reent
                0x000000000800e414       0x3e c:/st/stm32cubeide_1.6.0/stm32cubeide/plugins/com.st.stm32cube.ide.mcu.externaltools.gnu-tools-for-stm32.9-2020-q2-update.win32_1.5.0.202011040924/tools/bin/../lib/gcc/arm-none-eabi/9.3.1/../../../../arm-none-eabi/lib/thumb/v7-m/nofp\libc_nano.a(lib_a-fwalk.o)
                0x000000000800e414                _fwalk_reent
 .text.__retarget_lock_init_recursive
                0x000000000800e452        0x2 c:/st/stm32cubeide_1.6.0/stm32cubeide/plugins/com.st.stm32cube.ide.mcu.externaltools.gnu-tools-for-stm32.9-2020-q2-update.win32_1.5.0.202011040924/tools/bin/../lib/gcc/arm-none-eabi/9.3.1/../../../../arm-none-eabi/lib/thumb/v7-m/nofp\libc_nano.a(lib_a-lock.o)
                0x000000000800e452                __retarget_lock_init_recursive
 .text.__retarget_lock_acquire_recursive